Component: ARM Compiler 5.06 update 7 (build 960) Tool: armlink [4d3601]

==============================================================================

Section Cross References

    startup_stm32f103x6.o(RESET) refers to startup_stm32f103x6.o(STACK) for __initial_sp
    startup_stm32f103x6.o(RESET) refers to startup_stm32f103x6.o(.text) for Reset_Handler
    startup_stm32f103x6.o(RESET) refers to stm32f1xx_it.o(i.NMI_Handler) for NMI_Handler
    startup_stm32f103x6.o(RESET) refers to stm32f1xx_it.o(i.HardFault_Handler) for HardFault_Handler
    startup_stm32f103x6.o(RESET) refers to stm32f1xx_it.o(i.MemManage_Handler) for MemManage_Handler
    startup_stm32f103x6.o(RESET) refers to stm32f1xx_it.o(i.BusFault_Handler) for BusFault_Handler
    startup_stm32f103x6.o(RESET) refers to stm32f1xx_it.o(i.UsageFault_Handler) for UsageFault_Handler
    startup_stm32f103x6.o(RESET) refers to stm32f1xx_it.o(i.SVC_Handler) for SVC_Handler
    startup_stm32f103x6.o(RESET) refers to stm32f1xx_it.o(i.DebugMon_Handler) for DebugMon_Handler
    startup_stm32f103x6.o(RESET) refers to stm32f1xx_it.o(i.PendSV_Handler) for PendSV_Handler
    startup_stm32f103x6.o(RESET) refers to stm32f1xx_it.o(i.SysTick_Handler) for SysTick_Handler
    startup_stm32f103x6.o(RESET) refers to stm32f1xx_it.o(i.USB_LP_CAN1_RX0_IRQHandler) for USB_LP_CAN1_RX0_IRQHandler
    startup_stm32f103x6.o(RESET) refers to stm32f1xx_it.o(i.TIM1_BRK_IRQHandler) for TIM1_BRK_IRQHandler
    startup_stm32f103x6.o(RESET) refers to stm32f1xx_it.o(i.TIM1_UP_IRQHandler) for TIM1_UP_IRQHandler
    startup_stm32f103x6.o(RESET) refers to stm32f1xx_it.o(i.TIM1_TRG_COM_IRQHandler) for TIM1_TRG_COM_IRQHandler
    startup_stm32f103x6.o(RESET) refers to stm32f1xx_it.o(i.TIM1_CC_IRQHandler) for TIM1_CC_IRQHandler
    startup_stm32f103x6.o(RESET) refers to stm32f1xx_it.o(i.TIM3_IRQHandler) for TIM3_IRQHandler
    startup_stm32f103x6.o(.text) refers to system_stm32f1xx.o(i.SystemInit) for SystemInit
    startup_stm32f103x6.o(.text) refers to entry.o(.ARM.Collect$$$$00000000) for __main
    bldcmotor.o(i.Motor_SetPosition) refers to fadd.o(.text) for __aeabi_fsub
    bldcmotor.o(i.Motor_SetPosition) refers to fmul.o(.text) for __aeabi_fmul
    bldcmotor.o(i.Motor_SetPosition) refers to ffixi.o(.text) for __aeabi_f2iz
    bldcmotor.o(i.Motor_SetPosition) refers to dflti.o(.text) for __aeabi_i2d
    bldcmotor.o(i.Motor_SetPosition) refers to ddiv.o(.text) for __aeabi_ddiv
    bldcmotor.o(i.Motor_SetPosition) refers to d2f.o(.text) for __aeabi_d2f
    bldcmotor.o(i.Motor_SetPosition) refers to f2d.o(.text) for __aeabi_f2d
    bldcmotor.o(i.Motor_SetPosition) refers to dadd.o(.text) for __aeabi_drsub
    bldcmotor.o(i.Motor_SetPosition) refers to cdrcmple.o(.text) for __aeabi_cdrcmple
    bldcmotor.o(i.Motor_SetPosition) refers to dmul.o(.text) for __aeabi_dmul
    bldcmotor.o(i.Motor_SetPosition) refers to bldcmotor.o(.data) for .data
    bldcmotor.o(i.Motor_SetPosition) refers to focmotor.o(.data) for voltage
    bldcmotor.o(i.Motor_SetVelocity) refers to f2d.o(.text) for __aeabi_f2d
    bldcmotor.o(i.Motor_SetVelocity) refers to dmul.o(.text) for __aeabi_dmul
    bldcmotor.o(i.Motor_SetVelocity) refers to dadd.o(.text) for __aeabi_dadd
    bldcmotor.o(i.Motor_SetVelocity) refers to d2f.o(.text) for __aeabi_d2f
    bldcmotor.o(i.Motor_SetVelocity) refers to fscalb.o(.text) for __ARM_scalbnf
    bldcmotor.o(i.Motor_SetVelocity) refers to fadd.o(.text) for __aeabi_frsub
    bldcmotor.o(i.Motor_SetVelocity) refers to fmul.o(.text) for __aeabi_fmul
    bldcmotor.o(i.Motor_SetVelocity) refers to ffixi.o(.text) for __aeabi_f2iz
    bldcmotor.o(i.Motor_SetVelocity) refers to dflti.o(.text) for __aeabi_i2d
    bldcmotor.o(i.Motor_SetVelocity) refers to ddiv.o(.text) for __aeabi_ddiv
    bldcmotor.o(i.Motor_SetVelocity) refers to bldcmotor.o(.data) for .data
    bldcmotor.o(i.Motor_SetVelocity) refers to main.o(.data) for speed
    bldcmotor.o(i.Motor_SetVelocity) refers to focmotor.o(.data) for voltage
    bldcmotor.o(i.Motor_init) refers to printfa.o(i.__0printf) for __2printf
    bldcmotor.o(i.Motor_init) refers to cfrcmple.o(.text) for __aeabi_cfrcmple
    bldcmotor.o(i.Motor_init) refers to stm32f1xx_hal_gpio.o(i.HAL_GPIO_WritePin) for HAL_GPIO_WritePin
    bldcmotor.o(i.Motor_init) refers to bldcmotor.o(.data) for .data
    bldcmotor.o(i.Motor_initFOC) refers to flashstorage.o(i.Flash_ReadMotorParam) for Flash_ReadMotorParam
    bldcmotor.o(i.Motor_initFOC) refers to bldcmotor.o(i.alignSensor) for alignSensor
    bldcmotor.o(i.Motor_initFOC) refers to flashstorage.o(i.Flash_SaveMotorParam) for Flash_SaveMotorParam
    bldcmotor.o(i.Motor_initFOC) refers to magneticsensor.o(i.getAngle) for getAngle
    bldcmotor.o(i.Motor_initFOC) refers to stm32f1xx_hal.o(i.HAL_Delay) for HAL_Delay
    bldcmotor.o(i.Motor_initFOC) refers to focmotor.o(i.shaftAngle) for shaftAngle
    bldcmotor.o(i.Motor_initFOC) refers to bldcmotor.o(.data) for .data
[...]
    .ARM.Collect$$$$0000000F                 0x08000100   Section        0  entry10a.o(.ARM.Collect$$$$0000000F)
    .ARM.Collect$$$$00000011                 0x08000100   Section        0  entry11a.o(.ARM.Collect$$$$00000011)
    .ARM.Collect$$$$00002712                 0x08000100   Section        4  entry2.o(.ARM.Collect$$$$00002712)
    __lit__00000000                          0x08000100   Data           4  entry2.o(.ARM.Collect$$$$00002712)
    .text                                    0x08000104   Section       36  startup_stm32f103x6.o(.text)
    .text                                    0x08000128   Section        0  llushr.o(.text)
    .text                                    0x08000148   Section        0  memseta.o(.text)
    .text                                    0x0800016c   Section        0  fadd.o(.text)
    .text                                    0x0800021c   Section        0  fmul.o(.text)
    .text                                    0x08000280   Section        0  fdiv.o(.text)
    .text                                    0x080002fc   Section        0  fscalb.o(.text)
    .text                                    0x08000314   Section        0  dadd.o(.text)
    .text                                    0x08000462   Section        0  dmul.o(.text)
    .text                                    0x08000546   Section        0  ddiv.o(.text)
    .text                                    0x08000624   Section        0  fflti.o(.text)
    .text                                    0x08000636   Section        0  dflti.o(.text)
    .text                                    0x08000658   Section        0  dfltui.o(.text)
    .text                                    0x08000672   Section        0  ffixi.o(.text)
    .text                                    0x080006a4   Section        0  ffixui.o(.text)
    .text                                    0x080006cc   Section        0  dfixi.o(.text)
    .text                                    0x0800070a   Section        0  dfixui.o(.text)
    .text                                    0x0800073c   Section        0  f2d.o(.text)
    .text                                    0x08000764   Section       48  cdrcmple.o(.text)
    .text                                    0x08000794   Section        0  d2f.o(.text)
    .text                                    0x080007cc   Section       20  cfcmple.o(.text)
    .text                                    0x080007e0   Section       20  cfrcmple.o(.text)
    .text                                    0x080007f4   Section        0  uidiv.o(.text)
    .text                                    0x08000820   Section        0  uldiv.o(.text)
    .text                                    0x08000882   Section        0  llshl.o(.text)
    .text                                    0x080008a0   Section        0  llsshr.o(.text)
    .text                                    0x080008c4   Section        0  fepilogue.o(.text)
    .text                                    0x080008c4   Section        0  iusefp.o(.text)
    .text                                    0x08000932   Section        0  depilogue.o(.text)
    .text                                    0x080009ec   Section        0  drem.o(.text)
    .text                                    0x08000a72   Section        0  dfixul.o(.text)
    .text                                    0x08000aa4   Section       48  cdcmple.o(.text)
    .text                                    0x08000ad4   Section       36  init.o(.text)
    .text                                    0x08000af8   Section        0  dscalb.o(.text)
    i.AS5600_ReadTwoByte                     0x08000b26   Section        0  magneticsensor.o(i.AS5600_ReadTwoByte)
    i.Beep_IRQHandler                        0x08000b6c   Section        0  main.o(i.Beep_IRQHandler)
    i.BusFault_Handler                       0x08000bc0   Section        0  stm32f1xx_it.o(i.BusFault_Handler)
    i.CAN_Init                               0x08000bc4   Section        0  main.o(i.CAN_Init)
    i.CAN_SendState                          0x08000bfc   Section        0  main.o(i.CAN_SendState)
    i.DebugMon_Handler                       0x08000c58   Section        0  stm32f1xx_it.o(i.DebugMon_Handler)
    i.Error_Handler                          0x08000c5a   Section        0  main.o(i.Error_Handler)
    i.FLASH_MassErase                        0x08000c5c   Section        0  stm32f1xx_hal_flash_ex.o(i.FLASH_MassErase)
    FLASH_MassErase                          0x08000c5d   Thumb Code    26  stm32f1xx_hal_flash_ex.o(i.FLASH_MassErase)
    i.FLASH_PageErase                        0x08000c80   Section        0  stm32f1xx_hal_flash_ex.o(i.FLASH_PageErase)
    i.FLASH_Program_HalfWord                 0x08000ca4   Section        0  stm32f1xx_hal_flash.o(i.FLASH_Program_HalfWord)
    FLASH_Program_HalfWord                   0x08000ca5   Thumb Code    20  stm32f1xx_hal_flash.o(i.FLASH_Program_HalfWord)
    i.FLASH_SetErrorCode                     0x08000cc0   Section        0  stm32f1xx_hal_flash.o(i.FLASH_SetErrorCode)
    FLASH_SetErrorCode                       0x08000cc1   Thumb Code    84  stm32f1xx_hal_flash.o(i.FLASH_SetErrorCode)
    i.FLASH_WaitForLastOperation             0x08000d1c   Section        0  stm32f1xx_hal_flash.o(i.FLASH_WaitForLastOperation)
    i.Flash_ReadMotorID                      0x08000d70   Section        0  flashstorage.o(i.Flash_ReadMotorID)
    i.Flash_ReadMotorParam                   0x08000d88   Section        0  flashstorage.o(i.Flash_ReadMotorParam)
    i.Flash_SaveMotorParam                   0x08000db0   Section        0  flashstorage.o(i.Flash_SaveMotorParam)
    i.HAL_CAN_ActivateNotification           0x08000e08   Section        0  stm32f1xx_hal_can.o(i.HAL_CAN_ActivateNotification)
    i.HAL_CAN_AddTxMessage                   0x08000e2c   Section        0  stm32f1xx_hal_can.o(i.HAL_CAN_AddTxMessage)
    i.HAL_CAN_ConfigFilter                   0x08000f08   Section        0  stm32f1xx_hal_can.o(i.HAL_CAN_ConfigFilter)
    i.HAL_CAN_ErrorCallback                  0x08000ff6   Section        0  stm32f1xx_hal_can.o(i.HAL_CAN_ErrorCallback)
    i.HAL_CAN_GetRxMessage                   0x08000ff8   Section        0  stm32f1xx_hal_can.o(i.HAL_CAN_GetRxMessage)
    i.HAL_CAN_IRQHandler                     0x080010e0   Section        0  stm32f1xx_hal_can.o(i.HAL_CAN_IRQHandler)
    i.HAL_CAN_Init                           0x080012dc   Section        0  stm32f1xx_hal_can.o(i.HAL_CAN_Init)
    i.HAL_CAN_MspInit                        0x080013f8   Section        0  can.o(i.HAL_CAN_MspInit)
    i.HAL_CAN_RxFifo0FullCallback            0x08001474   Section        0  stm32f1xx_hal_can.o(i.HAL_CAN_RxFifo0FullCallback)
    i.HAL_CAN_RxFifo0MsgPendingCallback      0x08001478   Section        0  main.o(i.HAL_CAN_RxFifo0MsgPendingCallback)
    i.HAL_CAN_RxFifo1FullCallback            0x0800152c   Section        0  stm32f1xx_hal_can.o(i.HAL_CAN_RxFifo1FullCallback)
    i.HAL_CAN_RxFifo1MsgPendingCallback      0x0800152e   Section        0  stm32f1xx_hal_can.o(i.HAL_CAN_RxFifo1MsgPendingCallback)
    i.HAL_CAN_SleepCallback                  0x08001530   Section        0  stm32f1xx_hal_can.o(i.HAL_CAN_SleepCallback)
    i.HAL_CAN_Start                          0x08001534   Section        0  stm32f1xx_hal_can.o(i.HAL_CAN_Start)
    i.HAL_CAN_TxMailbox0AbortCallback        0x0800158c   Section        0  stm32f1xx_hal_can.o(i.HAL_CAN_TxMailbox0AbortCallback)
    i.HAL_CAN_TxMailbox0CompleteCallback     0x0800158e   Section        0  stm32f1xx_hal_can.o(i.HAL_CAN_TxMailbox0CompleteCallback)
    i.HAL_CAN_TxMailbox1AbortCallback        0x08001590   Section        0  stm32f1xx_hal_can.o(i.HAL_CAN_TxMailbox1AbortCallback)
    i.HAL_CAN_TxMailbox1CompleteCallback     0x08001592   Section        0  stm32f1xx_hal_can.o(i.HAL_CAN_TxMailbox1CompleteCallback)
    i.HAL_CAN_TxMailbox2AbortCallback        0x08001594   Section        0  stm32f1xx_hal_can.o(i.HAL_CAN_TxMailbox2AbortCallback)
    i.HAL_CAN_TxMailbox2CompleteCallback     0x08001596   Section        0  stm32f1xx_hal_can.o(i.HAL_CAN_TxMailbox2CompleteCallback)
    i.HAL_CAN_WakeUpFromRxMsgCallback        0x08001598   Section        0  stm32f1xx_hal_can.o(i.HAL_CAN_WakeUpFromRxMsgCallback)
    i.HAL_Delay                              0x0800159c   Section        0  stm32f1xx_hal.o(i.HAL_Delay)
    i.HAL_FLASHEx_Erase                      0x080015c0   Section        0  stm32f1xx_hal_flash_ex.o(i.HAL_FLASHEx_Erase)
    i.HAL_FLASH_Lock                         0x08001668   Section        0  stm32f1xx_hal_flash.o(i.HAL_FLASH_Lock)
    i.HAL_FLASH_Program                      0x0800167c   Section        0  stm32f1xx_hal_flash.o(i.HAL_FLASH_Program)
    i.HAL_FLASH_Unlock                       0x080016fc   Section        0  stm32f1xx_hal_flash.o(i.HAL_FLASH_Unlock)
    i.HAL_GPIO_Init                          0x08001724   Section        0  stm32f1xx_hal_gpio.o(i.HAL_GPIO_Init)
    i.HAL_GPIO_ReadPin                       0x080018e4   Section        0  stm32f1xx_hal_gpio.o(i.HAL_GPIO_ReadPin)
    i.HAL_GPIO_WritePin                      0x080018ee   Section        0  stm32f1xx_hal_gpio.o(i.HAL_GPIO_WritePin)
    i.HAL_GetTick                            0x080018f8   Section        0  stm32f1xx_hal.o(i.HAL_GetTick)
    i.HAL_IncTick                            0x08001904   Section        0  stm32f1xx_hal.o(i.HAL_IncTick)
    i.HAL_Init                               0x08001914   Section        0  stm32f1xx_hal.o(i.HAL_Init)
    i.HAL_InitTick                           0x08001938   Section        0  stm32f1xx_hal.o(i.HAL_InitTick)
    i.HAL_MspInit                            0x08001978   Section        0  stm32f1xx_hal_msp.o(i.HAL_MspInit)
    i.HAL_NVIC_EnableIRQ                     0x080019b4   Section        0  stm32f1xx_hal_cortex.o(i.HAL_NVIC_EnableIRQ)
    i.HAL_NVIC_SetPriority                   0x080019d0   Section        0  stm32f1xx_hal_cortex.o(i.HAL_NVIC_SetPriority)
    i.HAL_NVIC_SetPriorityGrouping           0x08001a10   Section        0  stm32f1xx_hal_cortex.o(i.HAL_NVIC_SetPriorityGrouping)
    i.HAL_RCC_ClockConfig                    0x08001a34   Section        0  stm32f1xx_hal_rcc.o(i.HAL_RCC_ClockConfig)
    i.HAL_RCC_GetSysClockFreq                0x08001b60   Section        0  stm32f1xx_hal_rcc.o(i.HAL_RCC_GetSysClockFreq)
    i.HAL_RCC_OscConfig                      0x08001bcc   Section        0  stm32f1xx_hal_rcc.o(i.HAL_RCC_OscConfig)
    i.HAL_SYSTICK_Config                     0x08001eec   Section        0  stm32f1xx_hal_cortex.o(i.HAL_SYSTICK_Config)
    i.HAL_TIMEx_BreakCallback                0x08001f14   Section        0  stm32f1xx_hal_tim_ex.o(i.HAL_TIMEx_BreakCallback)
    i.HAL_TIMEx_CommutCallback               0x08001f16   Section        0  stm32f1xx_hal_tim_ex.o(i.HAL_TIMEx_CommutCallback)
    i.HAL_TIMEx_MasterConfigSynchronization  0x08001f18   Section        0  stm32f1xx_hal_tim_ex.o(i.HAL_TIMEx_MasterConfigSynchronization)
    i.HAL_TIM_Base_Init                      0x08001f78   Section        0  stm32f1xx_hal_tim.o(i.HAL_TIM_Base_Init)
    i.HAL_TIM_Base_MspInit                   0x08001fd4   Section        0  tim.o(i.HAL_TIM_Base_MspInit)
    i.HAL_TIM_ConfigClockSource              0x0800207c   Section        0  stm32f1xx_hal_tim.o(i.HAL_TIM_ConfigClockSource)
    i.HAL_TIM_IC_CaptureCallback             0x08002152   Section        0  stm32f1xx_hal_tim.o(i.HAL_TIM_IC_CaptureCallback)
    i.HAL_TIM_IRQHandler                     0x08002154   Section        0  stm32f1xx_hal_tim.o(i.HAL_TIM_IRQHandler)
    i.HAL_TIM_MspPostInit                    0x080022bc   Section        0  tim.o(i.HAL_TIM_MspPostInit)
    i.HAL_TIM_OC_DelayElapsedCallback        0x08002304   Section        0  stm32f1xx_hal_tim.o(i.HAL_TIM_OC_DelayElapsedCallback)
    i.HAL_TIM_PWM_ConfigChannel              0x08002306   Section        0  stm32f1xx_hal_tim.o(i.HAL_TIM_PWM_ConfigChannel)
    i.HAL_TIM_PWM_Init                       0x080023cc   Section        0  stm32f1xx_hal_tim.o(i.HAL_TIM_PWM_Init)
    i.HAL_TIM_PWM_MspInit                    0x08002426   Section        0  stm32f1xx_hal_tim.o(i.HAL_TIM_PWM_MspInit)
    i.HAL_TIM_PWM_PulseFinishedCallback      0x08002428   Section        0  stm32f1xx_hal_tim.o(i.HAL_TIM_PWM_PulseFinishedCallback)
    i.HAL_TIM_PWM_Start                      0x0800242c   Section        0  stm32f1xx_hal_tim.o(i.HAL_TIM_PWM_Start)
    i.HAL_TIM_PeriodElapsedCallback          0x080024c0   Section        0  stm32f1xx_hal_tim.o(i.HAL_TIM_PeriodElapsedCallback)
    i.HAL_TIM_TriggerCallback                0x080024c2   Section        0  stm32f1xx_hal_tim.o(i.HAL_TIM_TriggerCallback)
    i.HardFault_Handler                      0x080024c4   Section        0  stm32f1xx_it.o(i.HardFault_Handler)
    i.I2C_getRawCount                        0x080024c6   Section        0  magneticsensor.o(i.I2C_getRawCount)
    i.Kalman_Filter                          0x080024cc   Section        0  main.o(i.Kalman_Filter)
    i.Kalman_Init                            0x08002540   Section        0  main.o(i.Kalman_Init)
    i.Led_Process                            0x08002558   Section        0  main.o(i.Led_Process)
    i.MX_CAN_Init                            0x080025c0   Section        0  can.o(i.MX_CAN_Init)
    i.MX_GPIO_Init                           0x08002608   Section        0  gpio.o(i.MX_GPIO_Init)
    i.MX_TIM1_Init                           0x080026e8   Section        0  tim.o(i.MX_TIM1_Init)
    i.MX_TIM2_Init                           0x0800274c   Section        0  tim.o(i.MX_TIM2_Init)
    i.MX_TIM3_Init                           0x08002804   Section        0  tim.o(i.MX_TIM3_Init)
    i.MagneticSensor_Init                    0x08002868   Section        0  magneticsensor.o(i.MagneticSensor_Init)
    i.MemManage_Handler                      0x08002888   Section        0  stm32f1xx_it.o(i.MemManage_Handler)
    i.Motor_OfflineCheckProcess              0x0800288c   Section        0  main.o(i.Motor_OfflineCheckProcess)
    i.Motor_SetPosition                      0x080028b4   Section        0  bldcmotor.o(i.Motor_SetPosition)
    i.Motor_SpeedCalcProcess                 0x08002a0c   Section        0  main.o(i.Motor_SpeedCalcProcess)
    i.Motor_init                             0x08002a78   Section        0  bldcmotor.o(i.Motor_init)
    i.Motor_initFOC                          0x08002ad8   Section        0  bldcmotor.o(i.Motor_initFOC)
    i.NMI_Handler                            0x08002b30   Section        0  stm32f1xx_it.o(i.NMI_Handler)
    i.PendSV_Handler                         0x08002b32   Section        0  stm32f1xx_it.o(i.PendSV_Handler)
    i.SVC_Handler                            0x08002b34   Section        0  stm32f1xx_it.o(i.SVC_Handler)
    i.SimpleFOC_Init                         0x08002b38   Section        0  main.o(i.SimpleFOC_Init)
    i.SysTick_Handler                        0x08002ba0   Section        0  stm32f1xx_it.o(i.SysTick_Handler)
    i.SysTick_UserExec                       0x08002bb0   Section        0  main.o(i.SysTick_UserExec)
    i.SystemClock_Config                     0x08002bec   Section        0  main.o(i.SystemClock_Config)
    i.SystemInit                             0x08002c38   Section        0  system_stm32f1xx.o(i.SystemInit)
    i.TIM1_BRK_IRQHandler                    0x08002c3c   Section        0  stm32f1xx_it.o(i.TIM1_BRK_IRQHandler)
    i.TIM1_CC_IRQHandler                     0x08002c48   Section        0  stm32f1xx_it.o(i.TIM1_CC_IRQHandler)
    i.TIM1_TRG_COM_IRQHandler                0x08002c54   Section        0  stm32f1xx_it.o(i.TIM1_TRG_COM_IRQHandler)
    i.TIM1_UP_IRQHandler                     0x08002c60   Section        0  stm32f1xx_it.o(i.TIM1_UP_IRQHandler)
    i.TIM3_IRQHandler                        0x08002c74   Section        0  stm32f1xx_it.o(i.TIM3_IRQHandler)
    i.TIM_Base_SetConfig                     0x08002c80   Section        0  stm32f1xx_hal_tim.o(i.TIM_Base_SetConfig)
    i.TIM_CCxChannelCmd                      0x08002cdc   Section        0  stm32f1xx_hal_tim.o(i.TIM_CCxChannelCmd)
    i.TIM_ETR_SetConfig                      0x08002cf6   Section        0  stm32f1xx_hal_tim.o(i.TIM_ETR_SetConfig)
    i.TIM_ITRx_SetConfig                     0x08002d0a   Section        0  stm32f1xx_hal_tim.o(i.TIM_ITRx_SetConfig)
    TIM_ITRx_SetConfig                       0x08002d0b   Thumb Code    16  stm32f1xx_hal_tim.o(i.TIM_ITRx_SetConfig)
    i.TIM_OC1_SetConfig                      0x08002d1c   Section        0  stm32f1xx_hal_tim.o(i.TIM_OC1_SetConfig)
    TIM_OC1_SetConfig                        0x08002d1d   Thumb Code    74  stm32f1xx_hal_tim.o(i.TIM_OC1_SetConfig)
    i.TIM_OC2_SetConfig                      0x08002d6c   Section        0  stm32f1xx_hal_tim.o(i.TIM_OC2_SetConfig)
    i.TIM_OC3_SetConfig                      0x08002dc4   Section        0  stm32f1xx_hal_tim.o(i.TIM_OC3_SetConfig)
    TIM_OC3_SetConfig                        0x08002dc5   Thumb Code    82  stm32f1xx_hal_tim.o(i.TIM_OC3_SetConfig)
    i.TIM_OC4_SetConfig                      0x08002e1c   Section        0  stm32f1xx_hal_tim.o(i.TIM_OC4_SetConfig)
    TIM_OC4_SetConfig                        0x08002e1d   Thumb Code    64  stm32f1xx_hal_tim.o(i.TIM_OC4_SetConfig)
    i.TIM_TI1_ConfigInputStage               0x08002e60   Section        0  stm32f1xx_hal_tim.o(i.TIM_TI1_ConfigInputStage)
    TIM_TI1_ConfigInputStage                 0x08002e61   Thumb Code    34  stm32f1xx_hal_tim.o(i.TIM_TI1_ConfigInputStage)
    i.TIM_TI2_ConfigInputStage               0x08002e82   Section        0  stm32f1xx_hal_tim.o(i.TIM_TI2_ConfigInputStage)
    TIM_TI2_ConfigInputStage                 0x08002e83   Thumb Code    36  stm32f1xx_hal_tim.o(i.TIM_TI2_ConfigInputStage)
    i.USB_LP_CAN1_RX0_IRQHandler             0x08002ea8   Section        0  stm32f1xx_it.o(i.USB_LP_CAN1_RX0_IRQHandler)
    i.UsageFault_Handler                     0x08002eb4   Section        0  stm32f1xx_it.o(i.UsageFault_Handler)
    i.__0printf                              0x08002eb8   Section        0  printfa.o(i.__0printf)
    i.__ARM_fpclassify                       0x08002ed8   Section        0  fpclassify.o(i.__ARM_fpclassify)
    i.__NVIC_SetPriority                     0x08002f00   Section        0  stm32f1xx_hal_cortex.o(i.__NVIC_SetPriority)
    __NVIC_SetPriority                       0x08002f01   Thumb Code    32  stm32f1xx_hal_cortex.o(i.__NVIC_SetPriority)
    i.__kernel_poly                          0x08002f20   Section        0  poly.o(i.__kernel_poly)
    i.__mathlib_dbl_infnan                   0x08002fca   Section        0  dunder.o(i.__mathlib_dbl_infnan)
    i.__mathlib_dbl_infnan2                  0x08002fd0   Section        0  dunder.o(i.__mathlib_dbl_infnan2)
    i.__mathlib_dbl_invalid                  0x08002fd4   Section        0  dunder.o(i.__mathlib_dbl_invalid)
    i.__mathlib_dbl_underflow                0x08002fe0   Section        0  dunder.o(i.__mathlib_dbl_underflow)
    i.__scatterload_copy                     0x08002ff0   Section       14  handlers.o(i.__scatterload_copy)
    i.__scatterload_null                     0x08002ffe   Section        2  handlers.o(i.__scatterload_null)
    i.__scatterload_zeroinit                 0x08003000   Section       14  handlers.o(i.__scatterload_zeroinit)
    i.__set_errno                            0x08003010   Section        0  errno.o(i.__set_errno)
    i._electricalAngle                       0x0800301c   Section        0  foc_utils.o(i._electricalAngle)
    i._fp_digits                             0x08003030   Section        0  printfa.o(i._fp_digits)
    _fp_digits                               0x08003031   Thumb Code   366  printfa.o(i._fp_digits)
    i._normalizeAngle                        0x080031b4   Section        0  foc_utils.o(i._normalizeAngle)
    i._printf_core                           0x080031f4   Section        0  printfa.o(i._printf_core)
    _printf_core                             0x080031f5   Thumb Code  1704  printfa.o(i._printf_core)
    i._printf_post_padding                   0x080038a8   Section        0  printfa.o(i._printf_post_padding)
    _printf_post_padding                     0x080038a9   Thumb Code    36  printfa.o(i._printf_post_padding)
    i._printf_pre_padding                    0x080038cc   Section        0  printfa.o(i._printf_pre_padding)
    _printf_pre_padding                      0x080038cd   Thumb Code    46  printfa.o(i._printf_pre_padding)
    i._sin                                   0x080038fc   Section        0  foc_utils.o(i._sin)
    i._sqrtApprox                            0x08003a24   Section        0  foc_utils.o(i._sqrtApprox)
    i.alignSensor                            0x08003a34   Section        0  bldcmotor.o(i.alignSensor)
    i.atan                                   0x08003d48   Section        0  atan.o(i.atan)
    i.atan2                                  0x08003f68   Section        0  atan2.o(i.atan2)
    i.electricalAngle                        0x08004104   Section        0  focmotor.o(i.electricalAngle)
    i.fmod                                   0x08004138   Section        0  fmod.o(i.fmod)
    i.fputc                                  0x080041cc   Section        0  main.o(i.fputc)
    i.getAngle                               0x080041d0   Section        0  magneticsensor.o(i.getAngle)
    i.iic_ack                                0x08004280   Section        0  magneticsensor.o(i.iic_ack)
    i.iic_delay                              0x080042c4   Section        0  magneticsensor.o(i.iic_delay)
    iic_delay                                0x080042c5   Thumb Code    10  magneticsensor.o(i.iic_delay)
    i.iic_nack                               0x080042d0   Section        0  magneticsensor.o(i.iic_nack)
    i.iic_read_byte                          0x08004308   Section        0  magneticsensor.o(i.iic_read_byte)
    i.iic_send_byte                          0x08004360   Section        0  magneticsensor.o(i.iic_send_byte)
    i.iic_start                              0x080043b4   Section        0  magneticsensor.o(i.iic_start)
    i.iic_stop                               0x080043f4   Section        0  magneticsensor.o(i.iic_stop)
    i.iic_wait_ack                           0x0800442c   Section        0  magneticsensor.o(i.iic_wait_ack)
    i.loopFOC                                0x08004484   Section        0  bldcmotor.o(i.loopFOC)
    i.main                                   0x0800452c   Section        0  main.o(i.main)
    i.setPhaseVoltage                        0x08004588   Section        0  bldcmotor.o(i.setPhaseVoltage)
    i.shaftAngle                             0x08004814   Section        0  focmotor.o(i.shaftAngle)
    .constdata                               0x08004840   Section      800  foc_utils.o(.constdata)
    .constdata                               0x08004b60   Section       16  system_stm32f1xx.o(.constdata)
    .constdata                               0x08004b70   Section      152  atan.o(.constdata)
    atanhi                                   0x08004b70   Data          32  atan.o(.constdata)
    atanlo                                   0x08004b90   Data          32  atan.o(.constdata)
    aTodd                                    0x08004bb0   Data          40  atan.o(.constdata)
    aTeven                                   0x08004bd8   Data          48  atan.o(.constdata)
    .constdata                               0x08004c08   Section        8  qnan.o(.constdata)
    .data                                    0x20000000   Section       44  bldcmotor.o(.data)
    p_error                                  0x20000004   Data           4  bldcmotor.o(.data)
    I                                        0x20000008   Data           4  bldcmotor.o(.data)
    pid_out                                  0x2000000c   Data           4  bldcmotor.o(.data)
    error_p                                  0x20000010   Data           4  bldcmotor.o(.data)
    error_pp                                 0x20000014   Data           4  bldcmotor.o(.data)
    .data                                    0x2000002c   Section       12  focmotor.o(.data)
    .data                                    0x20000038   Section        4  focmotor.o(.data)
    .data                                    0x2000003c   Section        8  focmotor.o(.data)
    .data                                    0x20000044   Section        1  focmotor.o(.data)
    .data                                    0x20000045   Section        1  focmotor.o(.data)
    .data                                    0x20000048   Section       20  magneticsensor.o(.data)
    .data                                    0x2000005c   Section        4  magneticsensor.o(.data)
    .data                                    0x20000060   Section       32  main.o(.data)
    flipFlag                                 0x20000063   Data           1  main.o(.data)
    lastKeyState                             0x20000064   Data           1  main.o(.data)
    isOffline                                0x20000065   Data           1  main.o(.data)
    downTime                                 0x2000007c   Data           4  main.o(.data)
    .data                                    0x20000080   Section       12  stm32f1xx_hal.o(.data)
    .data                                    0x2000008c   Section        4  system_stm32f1xx.o(.data)
    .data                                    0x20000090   Section        4  stdout.o(.data)
    .data                                    0x20000094   Section        4  errno.o(.data)
    _errno                                   0x20000094   Data           4  errno.o(.data)
    .bss                                     0x20000098   Section       64  main.o(.bss)
    speedLpfBuf                              0x20000098   Data          20  main.o(.bss)
    .bss                                     0x200000d8   Section       40  can.o(.bss)
    .bss                                     0x20000100   Section      216  tim.o(.bss)
    .bss                                     0x200001d8   Section       32  stm32f1xx_hal_flash.o(.bss)
    STACK                                    0x200001f8   Section     1024  startup_stm32f103x6.o(STACK)

    Global Symbols

    Symbol Name                              Value     Ov Type        Size  Object(Section)

    BuildAttributes$$THM_ISAv4$P$D$K$B$S$PE$A:L22UL41UL21$X:L11$S22US41US21$IEEE1$IW$USESV6$~STKCKD$USESV7$~SHL$OTIME$ROPI$IEEEX$EBA8$MICROLIB$REQ8$PRES8$EABIv2 0x00000000   Number         0  anon$$obj.o ABSOLUTE
    __ARM_use_no_argv                        0x00000000   Number         0  main.o ABSOLUTE
    _printf_a                                0x00000000   Number         0  stubs.o ABSOLUTE
    _printf_c                                0x00000000   Number         0  stubs.o ABSOLUTE
    _printf_charcount                        0x00000000   Number         0  stubs.o ABSOLUTE
    _printf_d                                0x00000000   Number         0  stubs.o ABSOLUTE
    _printf_e                                0x00000000   Number         0  stubs.o ABSOLUTE
    _printf_f                                0x00000000   Number         0  stubs.o ABSOLUTE
    _printf_flags                            0x00000000   Number         0  stubs.o ABSOLUTE
    _printf_fp_dec                           0x00000000   Number         0  stubs.o ABSOLUTE
    _printf_fp_hex                           0x00000000   Number         0  stubs.o ABSOLUTE
    _printf_g                                0x00000000   Number         0  stubs.o ABSOLUTE
    _printf_i                                0x00000000   Number         0  stubs.o ABSOLUTE
    _printf_int_dec                          0x00000000   Number         0  stubs.o ABSOLUTE
    _printf_l                                0x00000000   Number         0  stubs.o ABSOLUTE
    _printf_lc                               0x00000000   Number         0  stubs.o ABSOLUTE
    _printf_ll                               0x00000000   Number         0  stubs.o ABSOLUTE
    _printf_lld                              0x00000000   Number         0  stubs.o ABSOLUTE
    _printf_lli                              0x00000000   Number         0  stubs.o ABSOLUTE
    _printf_llo                              0x00000000   Number         0  stubs.o ABSOLUTE
    _printf_llu                              0x00000000   Number         0  stubs.o ABSOLUTE
    _printf_llx                              0x00000000   Number         0  stubs.o ABSOLUTE
    _printf_longlong_dec                     0x00000000   Number         0  stubs.o ABSOLUTE
    _printf_longlong_hex                     0x00000000   Number         0  stubs.o ABSOLUTE
    _printf_longlong_oct                     0x00000000   Number         0  stubs.o ABSOLUTE
    _printf_ls                               0x00000000   Number         0  stubs.o ABSOLUTE
    _printf_mbtowc                           0x00000000   Number         0  stubs.o ABSOLUTE
    _printf_n                                0x00000000   Number         0  stubs.o ABSOLUTE
    _printf_o                                0x00000000   Number         0  stubs.o ABSOLUTE
    _printf_p                                0x00000000   Number         0  stubs.o ABSOLUTE
    _printf_percent                          0x00000000   Number         0  stubs.o ABSOLUTE
    _printf_pre_padding                      0x00000000   Number         0  stubs.o ABSOLUTE
    _printf_return_value                     0x00000000   Number         0  stubs.o ABSOLUTE
    _printf_s                                0x00000000   Number         0  stubs.o ABSOLUTE
    _printf_sizespec                         0x00000000   Number         0  stubs.o ABSOLUTE
    _printf_str                              0x00000000   Number         0  stubs.o ABSOLUTE
    _printf_truncate_signed                  0x00000000   Number         0  stubs.o ABSOLUTE
    _printf_truncate_unsigned                0x00000000   Number         0  stubs.o ABSOLUTE
    _printf_u                                0x00000000   Number         0  stubs.o ABSOLUTE
    _printf_wc                               0x00000000   Number         0  stubs.o ABSOLUTE
    _printf_wctomb                           0x00000000   Number         0  stubs.o ABSOLUTE
    _printf_widthprec                        0x00000000   Number         0  stubs.o ABSOLUTE
    _printf_x                                0x00000000   Number         0  stubs.o ABSOLUTE
    __arm_fini_                               - Undefined Weak Reference
    __cpp_initialize__aeabi_                  - Undefined Weak Reference
    __cxa_finalize                            - Undefined Weak Reference
    __decompress                              - Undefined Weak Reference
    _clock_init                               - Undefined Weak Reference
    _microlib_exit                            - Undefined Weak Reference
    __Vectors_Size                           0x000000ec   Number         0  startup_stm32f103x6.o ABSOLUTE
    __Vectors                                0x08000000   Data           4  startup_stm32f103x6.o(RESET)
    __Vectors_End                            0x080000ec   Data           0  startup_stm32f103x6.o(RESET)
    __main                                   0x080000ed   Thumb Code     0  entry.o(.ARM.Collect$$$$00000000)
    _main_stk                                0x080000ed   Thumb Code     0  entry2.o(.ARM.Collect$$$$00000001)
    _main_scatterload                        0x080000f1   Thumb Code     0  entry5.o(.ARM.Collect$$$$00000004)
    __main_after_scatterload                 0x080000f5   Thumb Code     0  entry5.o(.ARM.Collect$$$$00000004)
    _main_clock                              0x080000f5   Thumb Code     0  entry7b.o(.ARM.Collect$$$$00000008)
    _main_cpp_init                           0x080000f5   Thumb Code     0  entry8b.o(.ARM.Collect$$$$0000000A)
    _main_init                               0x080000f5   Thumb Code     0  entry9a.o(.ARM.Collect$$$$0000000B)
    __rt_lib_shutdown_fini                   0x080000fd   Thumb Code     0  entry12b.o(.ARM.Collect$$$$0000000E)
    __rt_final_cpp                           0x08000101   Thumb Code     0  entry10a.o(.ARM.Collect$$$$0000000F)
    __rt_final_exit                          0x08000101   Thumb Code     0  entry11a.o(.ARM.Collect$$$$00000011)
    Reset_Handler                            0x08000105   Thumb Code     8  startup_stm32f103x6.o(.text)
    ADC1_2_IRQHandler                        0x0800011f   Thumb Code     0  startup_stm32f103x6.o(.text)
    CAN1_RX1_IRQHandler                      0x0800011f   Thumb Code     0  startup_stm32f103x6.o(.text)
    CAN1_SCE_IRQHandler                      0x0800011f   Thumb Code     0  startup_stm32f103x6.o(.text)
    DMA1_Channel1_IRQHandler                 0x0800011f   Thumb Code     0  startup_stm32f103x6.o(.text)
    DMA1_Channel2_IRQHandler                 0x0800011f   Thumb Code     0  startup_stm32f103x6.o(.text)
    DMA1_Channel3_IRQHandler                 0x0800011f   Thumb Code     0  startup_stm32f103x6.o(.text)
    DMA1_Channel4_IRQHandler                 0x0800011f   Thumb Code     0  startup_stm32f103x6.o(.text)
    DMA1_Channel5_IRQHandler                 0x0800011f   Thumb Code     0  startup_stm32f103x6.o(.text)
    DMA1_Channel6_IRQHandler                 0x0800011f   Thumb Code     0  startup_stm32f103x6.o(.text)
    DMA1_Channel7_IRQHandler                 0x0800011f   Thumb Code     0  startup_stm32f103x6.o(.text)
    EXTI0_IRQHandler                         0x0800011f   Thumb Code     0  startup_stm32f103x6.o(.text)
    EXTI15_10_IRQHandler                     0x0800011f   Thumb Code     0  startup_stm32f103x6.o(.text)
    EXTI1_IRQHandler                         0x0800011f   Thumb Code     0  startup_stm32f103x6.o(.text)
    EXTI2_IRQHandler                         0x0800011f   Thumb Code     0  startup_stm32f103x6.o(.text)
    EXTI3_IRQHandler                         0x0800011f   Thumb Code     0  startup_stm32f103x6.o(.text)
    EXTI4_IRQHandler                         0x0800011f   Thumb Code     0  startup_stm32f103x6.o(.text)
    EXTI9_5_IRQHandler                       0x0800011f   Thumb Code     0  startup_stm32f103x6.o(.text)
    FLASH_IRQHandler                         0x0800011f   Thumb Code     0  startup_stm32f103x6.o(.text)
    I2C1_ER_IRQHandler                       0x0800011f   Thumb Code     0  startup_stm32f103x6.o(.text)
    I2C1_EV_IRQHandler                       0x0800011f   Thumb Code     0  startup_stm32f103x6.o(.text)
    PVD_IRQHandler                           0x0800011f   Thumb Code     0  startup_stm32f103x6.o(.text)
    RCC_IRQHandler                           0x0800011f   Thumb Code     0  startup_stm32f103x6.o(.text)
    RTC_Alarm_IRQHandler                     0x0800011f   Thumb Code     0  startup_stm32f103x6.o(.text)
    RTC_IRQHandler                           0x0800011f   Thumb Code     0  startup_stm32f103x6.o(.text)
    SPI1_IRQHandler                          0x0800011f   Thumb Code     0  startup_stm32f103x6.o(.text)
    TAMPER_IRQHandler                        0x0800011f   Thumb Code     0  startup_stm32f103x6.o(.text)
    TIM2_IRQHandler                          0x0800011f   Thumb Code     0  startup_stm32f103x6.o(.text)
    USART1_IRQHandler                        0x0800011f   Thumb Code     0  startup_stm32f103x6.o(.text)
    USART2_IRQHandler                        0x0800011f   Thumb Code     0  startup_stm32f103x6.o(.text)
    USBWakeUp_IRQHandler                     0x0800011f   Thumb Code     0  startup_stm32f103x6.o(.text)
    USB_HP_CAN1_TX_IRQHandler                0x0800011f   Thumb Code     0  startup_stm32f103x6.o(.text)
    WWDG_IRQHandler                          0x0800011f   Thumb Code     0  startup_stm32f103x6.o(.text)
    __aeabi_llsr                             0x08000129   Thumb Code    32  llushr.o(.text)
    _ll_ushift_r                             0x08000129   Thumb Code     0  llushr.o(.text)
    __aeabi_memset                           0x08000149   Thumb Code    14  memseta.o(.text)
    __aeabi_memset4                          0x08000149   Thumb Code     0  memseta.o(.text)
    __aeabi_memset8                          0x08000149   Thumb Code     0  memseta.o(.text)
    __aeabi_memclr                           0x08000157   Thumb Code     4  memseta.o(.text)
    __aeabi_memclr4                          0x08000157   Thumb Code     0  memseta.o(.text)
    __aeabi_memclr8                          0x08000157   Thumb Code     0  memseta.o(.text)
    _memset$wrapper                          0x0800015b   Thumb Code    18  memseta.o(.text)
    __aeabi_fadd                             0x0800016d   Thumb Code   164  fadd.o(.text)
    __aeabi_fsub                             0x08000211   Thumb Code     6  fadd.o(.text)
    __aeabi_frsub                            0x08000217   Thumb Code     6  fadd.o(.text)
    __aeabi_fmul                             0x0800021d   Thumb Code   100  fmul.o(.text)
    __aeabi_fdiv                             0x08000281   Thumb Code   124  fdiv.o(.text)
    __ARM_scalbnf                            0x080002fd   Thumb Code    24  fscalb.o(.text)
    scalbnf                                  0x080002fd   Thumb Code     0  fscalb.o(.text)
    __aeabi_dadd                             0x08000315   Thumb Code   322  dadd.o(.text)
    __aeabi_dsub                             0x08000457   Thumb Code     6  dadd.o(.text)
    __aeabi_drsub                            0x0800045d   Thumb Code     6  dadd.o(.text)
    __aeabi_dmul                             0x08000463   Thumb Code   228  dmul.o(.text)
    __aeabi_ddiv                             0x08000547   Thumb Code   222  ddiv.o(.text)
    __aeabi_i2f                              0x08000625   Thumb Code    18  fflti.o(.text)
    __aeabi_i2d                              0x08000637   Thumb Code    34  dflti.o(.text)
    __aeabi_ui2d                             0x08000659   Thumb Code    26  dfltui.o(.text)
    __aeabi_f2iz                             0x08000673   Thumb Code    50  ffixi.o(.text)
    __aeabi_f2uiz                            0x080006a5   Thumb Code    40  ffixui.o(.text)
    __aeabi_d2iz                             0x080006cd   Thumb Code    62  dfixi.o(.text)
    __aeabi_d2uiz                            0x0800070b   Thumb Code    50  dfixui.o(.text)
    __aeabi_f2d                              0x0800073d   Thumb Code    38  f2d.o(.text)
    __aeabi_cdrcmple                         0x08000765   Thumb Code    48  cdrcmple.o(.text)
    __aeabi_d2f                              0x08000795   Thumb Code    56  d2f.o(.text)
    __aeabi_cfcmpeq                          0x080007cd   Thumb Code     0  cfcmple.o(.text)
    __aeabi_cfcmple                          0x080007cd   Thumb Code    20  cfcmple.o(.text)
    __aeabi_cfrcmple                         0x080007e1   Thumb Code    20  cfrcmple.o(.text)
    __aeabi_uidiv                            0x080007f5   Thumb Code     0  uidiv.o(.text)
    __aeabi_uidivmod                         0x080007f5   Thumb Code    44  uidiv.o(.text)
    __aeabi_uldivmod                         0x08000821   Thumb Code    98  uldiv.o(.text)
    __aeabi_llsl                             0x08000883   Thumb Code    30  llshl.o(.text)
    _ll_shift_l                              0x08000883   Thumb Code     0  llshl.o(.text)
    __aeabi_lasr                             0x080008a1   Thumb Code    36  llsshr.o(.text)
    _ll_sshift_r                             0x080008a1   Thumb Code     0  llsshr.o(.text)
    __I$use$fp                               0x080008c5   Thumb Code     0  iusefp.o(.text)
    _float_round                             0x080008c5   Thumb Code    18  fepilogue.o(.text)
    _float_epilogue                          0x080008d7   Thumb Code    92  fepilogue.o(.text)
    _double_round                            0x08000933   Thumb Code    30  depilogue.o(.text)
    _double_epilogue                         0x08000951   Thumb Code   156  depilogue.o(.text)
    _drem                                    0x080009ed   Thumb Code   134  drem.o(.text)
    __aeabi_d2ulz                            0x08000a73   Thumb Code    48  dfixul.o(.text)
    __aeabi_cdcmpeq                          0x08000aa5   Thumb Code     0  cdcmple.o(.text)
    __aeabi_cdcmple                          0x08000aa5   Thumb Code    48  cdcmple.o(.text)
    __scatterload                            0x08000ad5   Thumb Code    28  init.o(.text)
    __scatterload_rt2                        0x08000ad5   Thumb Code     0  init.o(.text)
    __ARM_scalbn                             0x08000af9   Thumb Code    46  dscalb.o(.text)
    scalbn                                   0x08000af9   Thumb Code     0  dscalb.o(.text)
    AS5600_ReadTwoByte                       0x08000b27   Thumb Code    68  magneticsensor.o(i.AS5600_ReadTwoByte)
    Beep_IRQHandler                          0x08000b6d   Thumb Code    66  main.o(i.Beep_IRQHandler)
    BusFault_Handler                         0x08000bc1   Thumb Code     2  stm32f1xx_it.o(i.BusFault_Handler)
    CAN_Init                                 0x08000bc5   Thumb Code    52  main.o(i.CAN_Init)
    CAN_SendState                            0x08000bfd   Thumb Code    74  main.o(i.CAN_SendState)
    DebugMon_Handler                         0x08000c59   Thumb Code     2  stm32f1xx_it.o(i.DebugMon_Handler)
    Error_Handler                            0x08000c5b   Thumb Code     2  main.o(i.Error_Handler)
    FLASH_PageErase                          0x08000c81   Thumb Code    28  stm32f1xx_hal_flash_ex.o(i.FLASH_PageErase)
    FLASH_WaitForLastOperation               0x08000d1d   Thumb Code    80  stm32f1xx_hal_flash.o(i.FLASH_WaitForLastOperation)
    Flash_ReadMotorID                        0x08000d71   Thumb Code    18  flashstorage.o(i.Flash_ReadMotorID)
    Flash_ReadMotorParam                     0x08000d89   Thumb Code    34  flashstorage.o(i.Flash_ReadMotorParam)
    Flash_SaveMotorParam                     0x08000db1   Thumb Code    84  flashstorage.o(i.Flash_SaveMotorParam)
    HAL_CAN_ActivateNotification             0x08000e09   Thumb Code    36  stm32f1xx_hal_can.o(i.HAL_CAN_ActivateNotification)
    HAL_CAN_AddTxMessage                     0x08000e2d   Thumb Code   220  stm32f1xx_hal_can.o(i.HAL_CAN_AddTxMessage)
    HAL_CAN_ConfigFilter                     0x08000f09   Thumb Code   238  stm32f1xx_hal_can.o(i.HAL_CAN_ConfigFilter)
    HAL_CAN_ErrorCallback                    0x08000ff7   Thumb Code     2  stm32f1xx_hal_can.o(i.HAL_CAN_ErrorCallback)
    HAL_CAN_GetRxMessage                     0x08000ff9   Thumb Code   232  stm32f1xx_hal_can.o(i.HAL_CAN_GetRxMessage)
    HAL_CAN_IRQHandler                       0x080010e1   Thumb Code   508  stm32f1xx_hal_can.o(i.HAL_CAN_IRQHandler)
    HAL_CAN_Init                             0x080012dd   Thumb Code   282  stm32f1xx_hal_can.o(i.HAL_CAN_Init)
    HAL_CAN_MspInit                          0x080013f9   Thumb Code   112  can.o(i.HAL_CAN_MspInit)
    HAL_CAN_RxFifo0FullCallback              0x08001475   Thumb Code     2  stm32f1xx_hal_can.o(i.HAL_CAN_RxFifo0FullCallback)
    HAL_CAN_RxFifo0MsgPendingCallback        0x08001479   Thumb Code   166  main.o(i.HAL_CAN_RxFifo0MsgPendingCallback)
    HAL_CAN_RxFifo1FullCallback              0x0800152d   Thumb Code     2  stm32f1xx_hal_can.o(i.HAL_CAN_RxFifo1FullCallback)
    HAL_CAN_RxFifo1MsgPendingCallback        0x0800152f   Thumb Code     2  stm32f1xx_hal_can.o(i.HAL_CAN_RxFifo1MsgPendingCallback)
    HAL_CAN_SleepCallback                    0x08001531   Thumb Code     2  stm32f1xx_hal_can.o(i.HAL_CAN_SleepCallback)
    HAL_CAN_Start                            0x08001535   Thumb Code    88  stm32f1xx_hal_can.o(i.HAL_CAN_Start)
    HAL_CAN_TxMailbox0AbortCallback          0x0800158d   Thumb Code     2  stm32f1xx_hal_can.o(i.HAL_CAN_TxMailbox0AbortCallback)
    HAL_CAN_TxMailbox0CompleteCallback       0x0800158f   Thumb Code     2  stm32f1xx_hal_can.o(i.HAL_CAN_TxMailbox0CompleteCallback)
    HAL_CAN_TxMailbox1AbortCallback          0x08001591   Thumb Code     2  stm32f1xx_hal_can.o(i.HAL_CAN_TxMailbox1AbortCallback)
    HAL_CAN_TxMailbox1CompleteCallback       0x08001593   Thumb Code     2  stm32f1xx_hal_can.o(i.HAL_CAN_TxMailbox1CompleteCallback)
    HAL_CAN_TxMailbox2AbortCallback          0x08001595   Thumb Code     2  stm32f1xx_hal_can.o(i.HAL_CAN_TxMailbox2AbortCallback)
    HAL_CAN_TxMailbox2CompleteCallback       0x08001597   Thumb Code     2  stm32f1xx_hal_can.o(i.HAL_CAN_TxMailbox2CompleteCallback)
    HAL_CAN_WakeUpFromRxMsgCallback          0x08001599   Thumb Code     2  stm32f1xx_hal_can.o(i.HAL_CAN_WakeUpFromRxMsgCallback)
    HAL_Delay                                0x0800159d   Thumb Code    32  stm32f1xx_hal.o(i.HAL_Delay)
    HAL_FLASHEx_Erase                        0x080015c1   Thumb Code   160  stm32f1xx_hal_flash_ex.o(i.HAL_FLASHEx_Erase)
    HAL_FLASH_Lock                           0x08001669   Thumb Code    14  stm32f1xx_hal_flash.o(i.HAL_FLASH_Lock)
    HAL_FLASH_Program                        0x0800167d   Thumb Code   120  stm32f1xx_hal_flash.o(i.HAL_FLASH_Program)
    HAL_FLASH_Unlock                         0x080016fd   Thumb Code    28  stm32f1xx_hal_flash.o(i.HAL_FLASH_Unlock)
    HAL_GPIO_Init                            0x08001725   Thumb Code   418  stm32f1xx_hal_gpio.o(i.HAL_GPIO_Init)
    HAL_GPIO_ReadPin                         0x080018e5   Thumb Code    10  stm32f1xx_hal_gpio.o(i.HAL_GPIO_ReadPin)
    HAL_GPIO_WritePin                        0x080018ef   Thumb Code    10  stm32f1xx_hal_gpio.o(i.HAL_GPIO_WritePin)
    HAL_GetTick                              0x080018f9   Thumb Code     6  stm32f1xx_hal.o(i.HAL_GetTick)
    HAL_IncTick                              0x08001905   Thumb Code    12  stm32f1xx_hal.o(i.HAL_IncTick)
    HAL_Init                                 0x08001915   Thumb Code    32  stm32f1xx_hal.o(i.HAL_Init)
    HAL_InitTick                             0x08001939   Thumb Code    54  stm32f1xx_hal.o(i.HAL_InitTick)
    HAL_MspInit                              0x08001979   Thumb Code    52  stm32f1xx_hal_msp.o(i.HAL_MspInit)
    HAL_NVIC_EnableIRQ                       0x080019b5   Thumb Code    26  stm32f1xx_hal_cortex.o(i.HAL_NVIC_EnableIRQ)
    HAL_NVIC_SetPriority                     0x080019d1   Thumb Code    60  stm32f1xx_hal_cortex.o(i.HAL_NVIC_SetPriority)
    HAL_NVIC_SetPriorityGrouping             0x08001a11   Thumb Code    26  stm32f1xx_hal_cortex.o(i.HAL_NVIC_SetPriorityGrouping)
    HAL_RCC_ClockConfig                      0x08001a35   Thumb Code   280  stm32f1xx_hal_rcc.o(i.HAL_RCC_ClockConfig)
    HAL_RCC_GetSysClockFreq                  0x08001b61   Thumb Code    74  stm32f1xx_hal_rcc.o(i.HAL_RCC_GetSysClockFreq)
    HAL_RCC_OscConfig                        0x08001bcd   Thumb Code   778  stm32f1xx_hal_rcc.o(i.HAL_RCC_OscConfig)
    HAL_SYSTICK_Config                       0x08001eed   Thumb Code    40  stm32f1xx_hal_cortex.o(i.HAL_SYSTICK_Config)
    HAL_TIMEx_BreakCallback                  0x08001f15   Thumb Code     2  stm32f1xx_hal_tim_ex.o(i.HAL_TIMEx_BreakCallback)
    HAL_TIMEx_CommutCallback                 0x08001f17   Thumb Code     2  stm32f1xx_hal_tim_ex.o(i.HAL_TIMEx_CommutCallback)
    HAL_TIMEx_MasterConfigSynchronization    0x08001f19   Thumb Code    86  stm32f1xx_hal_tim_ex.o(i.HAL_TIMEx_MasterConfigSynchronization)
    HAL_TIM_Base_Init                        0x08001f79   Thumb Code    90  stm32f1xx_hal_tim.o(i.HAL_TIM_Base_Init)
    HAL_TIM_Base_MspInit                     0x08001fd5   Thumb Code   156  tim.o(i.HAL_TIM_Base_MspInit)
    HAL_TIM_ConfigClockSource                0x0800207d   Thumb Code   214  stm32f1xx_hal_tim.o(i.HAL_TIM_ConfigClockSource)
    HAL_TIM_IC_CaptureCallback               0x08002153   Thumb Code     2  stm32f1xx_hal_tim.o(i.HAL_TIM_IC_CaptureCallback)
    HAL_TIM_IRQHandler                       0x08002155   Thumb Code   358  stm32f1xx_hal_tim.o(i.HAL_TIM_IRQHandler)
    HAL_TIM_MspPostInit                      0x080022bd   Thumb Code    62  tim.o(i.HAL_TIM_MspPostInit)
    HAL_TIM_OC_DelayElapsedCallback          0x08002305   Thumb Code     2  stm32f1xx_hal_tim.o(i.HAL_TIM_OC_DelayElapsedCallback)
    HAL_TIM_PWM_ConfigChannel                0x08002307   Thumb Code   198  stm32f1xx_hal_tim.o(i.HAL_TIM_PWM_ConfigChannel)
    HAL_TIM_PWM_Init                         0x080023cd   Thumb Code    90  stm32f1xx_hal_tim.o(i.HAL_TIM_PWM_Init)
    HAL_TIM_PWM_MspInit                      0x08002427   Thumb Code     2  stm32f1xx_hal_tim.o(i.HAL_TIM_PWM_MspInit)
    HAL_TIM_PWM_PulseFinishedCallback        0x08002429   Thumb Code     2  stm32f1xx_hal_tim.o(i.HAL_TIM_PWM_PulseFinishedCallback)
    HAL_TIM_PWM_Start                        0x0800242d   Thumb Code   138  stm32f1xx_hal_tim.o(i.HAL_TIM_PWM_Start)
    HAL_TIM_PeriodElapsedCallback            0x080024c1   Thumb Code     2  stm32f1xx_hal_tim.o(i.HAL_TIM_PeriodElapsedCallback)
    HAL_TIM_TriggerCallback                  0x080024c3   Thumb Code     2  stm32f1xx_hal_tim.o(i.HAL_TIM_TriggerCallback)
    HardFault_Handler                        0x080024c5   Thumb Code     2  stm32f1xx_it.o(i.HardFault_Handler)
    I2C_getRawCount                          0x080024c7   Thumb Code     6  magneticsensor.o(i.I2C_getRawCount)
    Kalman_Filter                            0x080024cd   Thumb Code   116  main.o(i.Kalman_Filter)
    Kalman_Init                              0x08002541   Thumb Code    22  main.o(i.Kalman_Init)
    Led_Process                              0x08002559   Thumb Code    94  main.o(i.Led_Process)
    MX_CAN_Init                              0x080025c1   Thumb Code    62  can.o(i.MX_CAN_Init)
    MX_GPIO_Init                             0x08002609   Thumb Code   206  gpio.o(i.MX_GPIO_Init)
    MX_TIM1_Init                             0x080026e9   Thumb Code    92  tim.o(i.MX_TIM1_Init)
    MX_TIM2_Init                             0x0800274d   Thumb Code   178  tim.o(i.MX_TIM2_Init)
    MX_TIM3_Init                             0x08002805   Thumb Code    92  tim.o(i.MX_TIM3_Init)
    MagneticSensor_Init                      0x08002869   Thumb Code    26  magneticsensor.o(i.MagneticSensor_Init)
    MemManage_Handler                        0x08002889   Thumb Code     2  stm32f1xx_it.o(i.MemManage_Handler)
    Motor_OfflineCheckProcess                0x0800288d   Thumb Code    34  main.o(i.Motor_OfflineCheckProcess)
    Motor_SetPosition                        0x080028b5   Thumb Code   292  bldcmotor.o(i.Motor_SetPosition)
    Motor_SpeedCalcProcess                   0x08002a0d   Thumb Code    78  main.o(i.Motor_SpeedCalcProcess)
    Motor_init                               0x08002a79   Thumb Code    52  bldcmotor.o(i.Motor_init)
    Motor_initFOC                            0x08002ad9   Thumb Code    72  bldcmotor.o(i.Motor_initFOC)
    NMI_Handler                              0x08002b31   Thumb Code     2  stm32f1xx_it.o(i.NMI_Handler)
    PendSV_Handler                           0x08002b33   Thumb Code     2  stm32f1xx_it.o(i.PendSV_Handler)
    SVC_Handler                              0x08002b35   Thumb Code     2  stm32f1xx_it.o(i.SVC_Handler)
    SimpleFOC_Init                           0x08002b39   Thumb Code    74  main.o(i.SimpleFOC_Init)
    SysTick_Handler                          0x08002ba1   Thumb Code    14  stm32f1xx_it.o(i.SysTick_Handler)
    SysTick_UserExec                         0x08002bb1   Thumb Code    46  main.o(i.SysTick_UserExec)
    SystemClock_Config                       0x08002bed   Thumb Code    76  main.o(i.SystemClock_Config)
    SystemInit                               0x08002c39   Thumb Code     2  system_stm32f1xx.o(i.SystemInit)
    TIM1_BRK_IRQHandler                      0x08002c3d   Thumb Code     6  stm32f1xx_it.o(i.TIM1_BRK_IRQHandler)
    TIM1_CC_IRQHandler                       0x08002c49   Thumb Code     6  stm32f1xx_it.o(i.TIM1_CC_IRQHandler)
    TIM1_TRG_COM_IRQHandler                  0x08002c55   Thumb Code     6  stm32f1xx_it.o(i.TIM1_TRG_COM_IRQHandler)
    TIM1_UP_IRQHandler                       0x08002c61   Thumb Code    16  stm32f1xx_it.o(i.TIM1_UP_IRQHandler)
    TIM3_IRQHandler                          0x08002c75   Thumb Code     6  stm32f1xx_it.o(i.TIM3_IRQHandler)
    TIM_Base_SetConfig                       0x08002c81   Thumb Code    84  stm32f1xx_hal_tim.o(i.TIM_Base_SetConfig)
    TIM_CCxChannelCmd                        0x08002cdd   Thumb Code    26  stm32f1xx_hal_tim.o(i.TIM_CCxChannelCmd)
    TIM_ETR_SetConfig                        0x08002cf7   Thumb Code    20  stm32f1xx_hal_tim.o(i.TIM_ETR_SetConfig)
    TIM_OC2_SetConfig                        0x08002d6d   Thumb Code    84  stm32f1xx_hal_tim.o(i.TIM_OC2_SetConfig)
    USB_LP_CAN1_RX0_IRQHandler               0x08002ea9   Thumb Code     6  stm32f1xx_it.o(i.USB_LP_CAN1_RX0_IRQHandler)
    UsageFault_Handler                       0x08002eb5   Thumb Code     2  stm32f1xx_it.o(i.UsageFault_Handler)
    __0printf                                0x08002eb9   Thumb Code    22  printfa.o(i.__0printf)
    __1printf                                0x08002eb9   Thumb Code     0  printfa.o(i.__0printf)
    __2printf                                0x08002eb9   Thumb Code     0  printfa.o(i.__0printf)
    __c89printf                              0x08002eb9   Thumb Code     0  printfa.o(i.__0printf)
    printf                                   0x08002eb9   Thumb Code     0  printfa.o(i.__0printf)
    __ARM_fpclassify                         0x08002ed9   Thumb Code    40  fpclassify.o(i.__ARM_fpclassify)
    __kernel_poly                            0x08002f21   Thumb Code   170  poly.o(i.__kernel_poly)
    __mathlib_dbl_infnan                     0x08002fcb   Thumb Code     6  dunder.o(i.__mathlib_dbl_infnan)
    __mathlib_dbl_infnan2                    0x08002fd1   Thumb Code     4  dunder.o(i.__mathlib_dbl_infnan2)
    __mathlib_dbl_invalid                    0x08002fd5   Thumb Code    12  dunder.o(i.__mathlib_dbl_invalid)
    __mathlib_dbl_underflow                  0x08002fe1   Thumb Code    10  dunder.o(i.__mathlib_dbl_underflow)
    __scatterload_copy                       0x08002ff1   Thumb Code    14  handlers.o(i.__scatterload_copy)
    __scatterload_null                       0x08002fff   Thumb Code     2  handlers.o(i.__scatterload_null)
    __scatterload_zeroinit                   0x08003001   Thumb Code    14  handlers.o(i.__scatterload_zeroinit)
    __set_errno                              0x08003011   Thumb Code     6  errno.o(i.__set_errno)
    _electricalAngle                         0x0800301d   Thumb Code    20  foc_utils.o(i._electricalAngle)
    _normalizeAngle                          0x080031b5   Thumb Code    54  foc_utils.o(i._normalizeAngle)
    _sin                                     0x080038fd   Thumb Code   256  foc_utils.o(i._sin)
    _sqrtApprox                              0x08003a25   Thumb Code    10  foc_utils.o(i._sqrtApprox)
    alignSensor                              0x08003a35   Thumb Code   488  bldcmotor.o(i.alignSensor)
    atan                                     0x08003d49   Thumb Code   474  atan.o(i.atan)
    atan2                                    0x08003f69   Thumb Code   374  atan2.o(i.atan2)
    electricalAngle                          0x08004105   Thumb Code    42  focmotor.o(i.electricalAngle)
    fmod                                     0x08004139   Thumb Code   144  fmod.o(i.fmod)
    fputc                                    0x080041cd   Thumb Code     2  main.o(i.fputc)
    getAngle                                 0x080041d1   Thumb Code   150  magneticsensor.o(i.getAngle)
    iic_ack                                  0x08004281   Thumb Code    64  magneticsensor.o(i.iic_ack)
    iic_nack                                 0x080042d1   Thumb Code    50  magneticsensor.o(i.iic_nack)
    iic_read_byte                            0x08004309   Thumb Code    84  magneticsensor.o(i.iic_read_byte)
    iic_send_byte                            0x08004361   Thumb Code    80  magneticsensor.o(i.iic_send_byte)
    iic_start                                0x080043b5   Thumb Code    60  magneticsensor.o(i.iic_start)
    iic_stop                                 0x080043f5   Thumb Code    50  magneticsensor.o(i.iic_stop)
    iic_wait_ack                             0x0800442d   Thumb Code    84  magneticsensor.o(i.iic_wait_ack)
    loopFOC                                  0x08004485   Thumb Code   100  bldcmotor.o(i.loopFOC)
    main                                     0x0800452d   Thumb Code    74  main.o(i.main)
    setPhaseVoltage                          0x08004589   Thumb Code   604  bldcmotor.o(i.setPhaseVoltage)
    shaftAngle                               0x08004815   Thumb Code    34  focmotor.o(i.shaftAngle)
    sine_array                               0x08004840   Data         800  foc_utils.o(.constdata)
    AHBPrescTable                            0x08004b60   Data          16  system_stm32f1xx.o(.constdata)
    __mathlib_zero                           0x08004c08   Data           8  qnan.o(.constdata)
    Region$$Table$$Base                      0x08004c10   Number         0  anon$$obj.o(Region$$Table)
    Region$$Table$$Limit                     0x08004c30   Number         0  anon$$obj.o(Region$$Table)
    start_flag                               0x20000000   Data           1  bldcmotor.o(.data)
    sensor_direction                         0x20000018   Data           4  bldcmotor.o(.data)
    voltage_power_supply                     0x2000001c   Data           4  bldcmotor.o(.data)
    voltage_limit                            0x20000020   Data           4  bldcmotor.o(.data)
    voltage_sensor_align                     0x20000024   Data           4  bldcmotor.o(.data)
    pole_pairs                               0x20000028   Data           4  bldcmotor.o(.data)
    sensor_offset                            0x2000002c   Data           4  focmotor.o(.data)
    shaft_angle                              0x20000030   Data           4  focmotor.o(.data)
    zero_electric_angle                      0x20000034   Data           4  focmotor.o(.data)
    electrical_angle                         0x20000038   Data           4  focmotor.o(.data)
    voltage                                  0x2000003c   Data           8  focmotor.o(.data)
    torque_controller                        0x20000044   Data           1  focmotor.o(.data)
    controller                               0x20000045   Data           1  focmotor.o(.data)
    cpr                                      0x20000048   Data           4  magneticsensor.o(.data)
    full_rotation_offset                     0x2000004c   Data           4  magneticsensor.o(.data)
    angle_data                               0x20000050   Data           4  magneticsensor.o(.data)
    angle_data_prev                          0x20000054   Data           4  magneticsensor.o(.data)
    velocity_calc_timestamp                  0x20000058   Data           4  magneticsensor.o(.data)
    angle_prev                               0x2000005c   Data           4  magneticsensor.o(.data)
    beepPlaying                              0x20000060   Data           1  main.o(.data)
    motorID                                  0x20000061   Data           1  main.o(.data)
    ledBlink                                 0x20000062   Data           1  main.o(.data)
    targetVotage                             0x20000068   Data           4  main.o(.data)
    targetPosition                           0x2000006c   Data           4  main.o(.data)
    speed                                    0x20000070   Data           4  main.o(.data)
    filteredAngle                            0x20000074   Data           4  main.o(.data)
    lastRecvTime                             0x20000078   Data           4  main.o(.data)
    uwTickFreq                               0x20000080   Data           1  stm32f1xx_hal.o(.data)
    uwTickPrio                               0x20000084   Data           4  stm32f1xx_hal.o(.data)
    uwTick                                   0x20000088   Data           4  stm32f1xx_hal.o(.data)
    SystemCoreClock                          0x2000008c   Data           4  system_stm32f1xx.o(.data)
    __stdout                                 0x20000090   Data           4  stdout.o(.data)
    angleFilter                              0x200000ac   Data          44  main.o(.bss)
    hcan                                     0x200000d8   Data          40  can.o(.bss)
    htim1                                    0x20000100   Data          72  tim.o(.bss)
    htim2                                    0x20000148   Data          72  tim.o(.bss)
    htim3                                    0x20000190   Data          72  tim.o(.bss)
    pFlash                                   0x200001d8   Data          32  stm32f1xx_hal_flash.o(.bss)
    __initial_sp                             0x200005f8   Data           0  startup_stm32f103x6.o(STACK)



==============================================================================

Memory Map of the image

  Image Entry point : 0x080000ed

  Load Region LR_IROM1 (Base: 0x08000000, Size: 0x00004cc8, Max: 0x00010000, ABSOLUTE)

    Execution Region ER_IROM1 (Exec base: 0x08000000, Load base: 0x08000000, Size: 0x00004c30, Max: 0x00010000, ABSOLUTE)

    Exec Addr    Load Addr    Size         Type   Attr      Idx    E Section Name        Object

    0x08000000   0x08000000   0x000000ec   Data   RO            3    RESET               startup_stm32f103x6.o
    0x080000ec   0x080000ec   0x00000000   Code   RO         3192  * .ARM.Collect$$$$00000000  mc_w.l(entry.o)
    0x080000ec   0x080000ec   0x00000004   Code   RO         3523    .ARM.Collect$$$$00000001  mc_w.l(entry2.o)
    0x080000f0   0x080000f0   0x00000004   Code   RO         3526    .ARM.Collect$$$$00000004  mc_w.l(entry5.o)
    0x080000f4   0x080000f4   0x00000000   Code   RO         3528    .ARM.Collect$$$$00000008  mc_w.l(entry7b.o)
    0x080000f4   0x080000f4   0x00000000   Code   RO         3530    .ARM.Collect$$$$0000000A  mc_w.l(entry8b.o)
    0x080000f4   0x080000f4   0x00000008   Code   RO         3531    .ARM.Collect$$$$0000000B  mc_w.l(entry9a.o)
    0x080000fc   0x080000fc   0x00000004   Code   RO         3538    .ARM.Collect$$$$0000000E  mc_w.l(entry12b.o)
    0x08000100   0x08000100   0x00000000   Code   RO         3533    .ARM.Collect$$$$0000000F  mc_w.l(entry10a.o)
    0x08000100   0x08000100   0x00000000   Code   RO         3535    .ARM.Collect$$$$00000011  mc_w.l(entry11a.o)
    0x08000100   0x08000100   0x00000004   Code   RO         3524    .ARM.Collect$$$$00002712  mc_w.l(entry2.o)
    0x08000104   0x08000104   0x00000024   Code   RO            4    .text               startup_stm32f103x6.o
    0x08000128   0x08000128   0x00000020   Code   RO         3195    .text               mc_w.l(llushr.o)
    0x08000148   0x08000148   0x00000024   Code   RO         3197    .text               mc_w.l(memseta.o)
    0x0800016c   0x0800016c   0x000000b0   Code   RO         3460    .text               mf_w.l(fadd.o)
    0x0800021c   0x0800021c   0x00000064   Code   RO         3462    .text               mf_w.l(fmul.o)
    0x08000280   0x08000280   0x0000007c   Code   RO         3464    .text               mf_w.l(fdiv.o)
    0x080002fc   0x080002fc   0x00000018   Code   RO         3466    .text               mf_w.l(fscalb.o)
    0x08000314   0x08000314   0x0000014e   Code   RO         3468    .text               mf_w.l(dadd.o)
    0x08000462   0x08000462   0x000000e4   Code   RO         3470    .text               mf_w.l(dmul.o)
    0x08000546   0x08000546   0x000000de   Code   RO         3472    .text               mf_w.l(ddiv.o)
    0x08000624   0x08000624   0x00000012   Code   RO         3474    .text               mf_w.l(fflti.o)
    0x08000636   0x08000636   0x00000022   Code   RO         3476    .text               mf_w.l(dflti.o)
    0x08000658   0x08000658   0x0000001a   Code   RO         3478    .text               mf_w.l(dfltui.o)
    0x08000672   0x08000672   0x00000032   Code   RO         3480    .text               mf_w.l(ffixi.o)
    0x080006a4   0x080006a4   0x00000028   Code   RO         3482    .text               mf_w.l(ffixui.o)
    0x080006cc   0x080006cc   0x0000003e   Code   RO         3484    .text               mf_w.l(dfixi.o)
    0x0800070a   0x0800070a   0x00000032   Code   RO         3486    .text               mf_w.l(dfixui.o)
    0x0800073c   0x0800073c   0x00000026   Code   RO         3488    .text               mf_w.l(f2d.o)
    0x08000762   0x08000762   0x00000002   PAD
    0x08000764   0x08000764   0x00000030   Code   RO         3490    .text               mf_w.l(cdrcmple.o)
    0x08000794   0x08000794   0x00000038   Code   RO         3492    .text               mf_w.l(d2f.o)
    0x080007cc   0x080007cc   0x00000014   Code   RO         3494    .text               mf_w.l(cfcmple.o)
    0x080007e0   0x080007e0   0x00000014   Code   RO         3496    .text               mf_w.l(cfrcmple.o)
    0x080007f4   0x080007f4   0x0000002c   Code   RO         3540    .text               mc_w.l(uidiv.o)
    0x08000820   0x08000820   0x00000062   Code   RO         3542    .text               mc_w.l(uldiv.o)
    0x08000882   0x08000882   0x0000001e   Code   RO         3544    .text               mc_w.l(llshl.o)
    0x080008a0   0x080008a0   0x00000024   Code   RO         3546    .text               mc_w.l(llsshr.o)
    0x080008c4   0x080008c4   0x00000000   Code   RO         3555    .text               mc_w.l(iusefp.o)
    0x080008c4   0x080008c4   0x0000006e   Code   RO         3556    .text               mf_w.l(fepilogue.o)
    0x08000932   0x08000932   0x000000ba   Code   RO         3558    .text               mf_w.l(depilogue.o)
    0x080009ec   0x080009ec   0x00000086   Code   RO         3560    .text               mf_w.l(drem.o)
    0x08000a72   0x08000a72   0x00000030   Code   RO         3562    .text               mf_w.l(dfixul.o)
    0x08000aa2   0x08000aa2   0x00000002   PAD
    0x08000aa4   0x08000aa4   0x00000030   Code   RO         3564    .text               mf_w.l(cdcmple.o)
    0x08000ad4   0x08000ad4   0x00000024   Code   RO         3570    .text               mc_w.l(init.o)
    0x08000af8   0x08000af8   0x0000002e   Code   RO         3572    .text               mf_w.l(dscalb.o)
    0x08000b26   0x08000b26   0x00000044   Code   RO          284    i.AS5600_ReadTwoByte  magneticsensor.o
    0x08000b6a   0x08000b6a   0x00000002   PAD
    0x08000b6c   0x08000b6c   0x00000054   Code   RO          515    i.Beep_IRQHandler   main.o
    0x08000bc0   0x08000bc0   0x00000002   Code   RO          797    i.BusFault_Handler  stm32f1xx_it.o
    0x08000bc2   0x08000bc2   0x00000002   PAD
    0x08000bc4   0x08000bc4   0x00000038   Code   RO          518    i.CAN_Init          main.o
    0x08000bfc   0x08000bfc   0x0000005c   Code   RO          519    i.CAN_SendState     main.o
    0x08000c58   0x08000c58   0x00000002   Code   RO          798    i.DebugMon_Handler  stm32f1xx_it.o
    0x08000c5a   0x08000c5a   0x00000002   Code   RO          520    i.Error_Handler     main.o
    0x08000c5c   0x08000c5c   0x00000024   Code   RO         2021    i.FLASH_MassErase   stm32f1xx_hal_flash_ex.o
    0x08000c80   0x08000c80   0x00000024   Code   RO         2024    i.FLASH_PageErase   stm32f1xx_hal_flash_ex.o
    0x08000ca4   0x08000ca4   0x0000001c   Code   RO         1918    i.FLASH_Program_HalfWord  stm32f1xx_hal_flash.o
    0x08000cc0   0x08000cc0   0x0000005c   Code   RO         1919    i.FLASH_SetErrorCode  stm32f1xx_hal_flash.o
    0x08000d1c   0x08000d1c   0x00000054   Code   RO         1920    i.FLASH_WaitForLastOperation  stm32f1xx_hal_flash.o
    0x08000d70   0x08000d70   0x00000018   Code   RO          465    i.Flash_ReadMotorID  flashstorage.o
    0x08000d88   0x08000d88   0x00000028   Code   RO          466    i.Flash_ReadMotorParam  flashstorage.o
    0x08000db0   0x08000db0   0x00000058   Code   RO          468    i.Flash_SaveMotorParam  flashstorage.o
    0x08000e08   0x08000e08   0x00000024   Code   RO          970    i.HAL_CAN_ActivateNotification  stm32f1xx_hal_can.o
    0x08000e2c   0x08000e2c   0x000000dc   Code   RO          971    i.HAL_CAN_AddTxMessage  stm32f1xx_hal_can.o
    0x08000f08   0x08000f08   0x000000ee   Code   RO          972    i.HAL_CAN_ConfigFilter  stm32f1xx_hal_can.o
    0x08000ff6   0x08000ff6   0x00000002   Code   RO          975    i.HAL_CAN_ErrorCallback  stm32f1xx_hal_can.o
    0x08000ff8   0x08000ff8   0x000000e8   Code   RO          978    i.HAL_CAN_GetRxMessage  stm32f1xx_hal_can.o
    0x080010e0   0x080010e0   0x000001fc   Code   RO          982    i.HAL_CAN_IRQHandler  stm32f1xx_hal_can.o
    0x080012dc   0x080012dc   0x0000011a   Code   RO          983    i.HAL_CAN_Init      stm32f1xx_hal_can.o
    0x080013f6   0x080013f6   0x00000002   PAD
    0x080013f8   0x080013f8   0x0000007c   Code   RO          696    i.HAL_CAN_MspInit   can.o
    0x08001474   0x08001474   0x00000002   Code   RO          990    i.HAL_CAN_RxFifo0FullCallback  stm32f1xx_hal_can.o
    0x08001476   0x08001476   0x00000002   PAD
    0x08001478   0x08001478   0x000000b4   Code   RO          521    i.HAL_CAN_RxFifo0MsgPendingCallback  main.o
    0x0800152c   0x0800152c   0x00000002   Code   RO          992    i.HAL_CAN_RxFifo1FullCallback  stm32f1xx_hal_can.o
    0x0800152e   0x0800152e   0x00000002   Code   RO          993    i.HAL_CAN_RxFifo1MsgPendingCallback  stm32f1xx_hal_can.o
    0x08001530   0x08001530   0x00000002   Code   RO          994    i.HAL_CAN_SleepCallback  stm32f1xx_hal_can.o
    0x08001532   0x08001532   0x00000002   PAD
    0x08001534   0x08001534   0x00000058   Code   RO          995    i.HAL_CAN_Start     stm32f1xx_hal_can.o
    0x0800158c   0x0800158c   0x00000002   Code   RO          997    i.HAL_CAN_TxMailbox0AbortCallback  stm32f1xx_hal_can.o
    0x0800158e   0x0800158e   0x00000002   Code   RO          998    i.HAL_CAN_TxMailbox0CompleteCallback  stm32f1xx_hal_can.o
    0x08001590   0x08001590   0x00000002   Code   RO          999    i.HAL_CAN_TxMailbox1AbortCallback  stm32f1xx_hal_can.o
    0x08001592   0x08001592   0x00000002   Code   RO         1000    i.HAL_CAN_TxMailbox1CompleteCallback  stm32f1xx_hal_can.o
    0x08001594   0x08001594   0x00000002   Code   RO         1001    i.HAL_CAN_TxMailbox2AbortCallback  stm32f1xx_hal_can.o
    0x08001596   0x08001596   0x00000002   Code   RO         1002    i.HAL_CAN_TxMailbox2CompleteCallback  stm32f1xx_hal_can.o
    0x08001598   0x08001598   0x00000002   Code   RO         1004    i.HAL_CAN_WakeUpFromRxMsgCallback  stm32f1xx_hal_can.o
    0x0800159a   0x0800159a   0x00000002   PAD
    0x0800159c   0x0800159c   0x00000024   Code   RO         1210    i.HAL_Delay         stm32f1xx_hal.o
    0x080015c0   0x080015c0   0x000000a8   Code   RO         2025    i.HAL_FLASHEx_Erase  stm32f1xx_hal_flash_ex.o
    0x08001668   0x08001668   0x00000014   Code   RO         1924    i.HAL_FLASH_Lock    stm32f1xx_hal_flash.o
    0x0800167c   0x0800167c   0x00000080   Code   RO         1929    i.HAL_FLASH_Program  stm32f1xx_hal_flash.o
    0x080016fc   0x080016fc   0x00000028   Code   RO         1931    i.HAL_FLASH_Unlock  stm32f1xx_hal_flash.o
    0x08001724   0x08001724   0x000001c0   Code   RO         1518    i.HAL_GPIO_Init     stm32f1xx_hal_gpio.o
    0x080018e4   0x080018e4   0x0000000a   Code   RO         1520    i.HAL_GPIO_ReadPin  stm32f1xx_hal_gpio.o
    0x080018ee   0x080018ee   0x0000000a   Code   RO         1522    i.HAL_GPIO_WritePin  stm32f1xx_hal_gpio.o
    0x080018f8   0x080018f8   0x0000000c   Code   RO         1214    i.HAL_GetTick       stm32f1xx_hal.o
    0x08001904   0x08001904   0x00000010   Code   RO         1220    i.HAL_IncTick       stm32f1xx_hal.o
    0x08001914   0x08001914   0x00000024   Code   RO         1221    i.HAL_Init          stm32f1xx_hal.o
    0x08001938   0x08001938   0x00000040   Code   RO         1222    i.HAL_InitTick      stm32f1xx_hal.o
    0x08001978   0x08001978   0x0000003c   Code   RO          909    i.HAL_MspInit       stm32f1xx_hal_msp.o
    0x080019b4   0x080019b4   0x0000001a   Code   RO         1678    i.HAL_NVIC_EnableIRQ  stm32f1xx_hal_cortex.o
    0x080019ce   0x080019ce   0x00000002   PAD
    0x080019d0   0x080019d0   0x00000040   Code   RO         1684    i.HAL_NVIC_SetPriority  stm32f1xx_hal_cortex.o
    0x08001a10   0x08001a10   0x00000024   Code   RO         1685    i.HAL_NVIC_SetPriorityGrouping  stm32f1xx_hal_cortex.o
    0x08001a34   0x08001a34   0x0000012c   Code   RO         1378    i.HAL_RCC_ClockConfig  stm32f1xx_hal_rcc.o
    0x08001b60   0x08001b60   0x0000006c   Code   RO         1387    i.HAL_RCC_GetSysClockFreq  stm32f1xx_hal_rcc.o
    0x08001bcc   0x08001bcc   0x00000320   Code   RO         1390    i.HAL_RCC_OscConfig  stm32f1xx_hal_rcc.o
    0x08001eec   0x08001eec   0x00000028   Code   RO         1689    i.HAL_SYSTICK_Config  stm32f1xx_hal_cortex.o
    0x08001f14   0x08001f14   0x00000002   Code   RO         2874    i.HAL_TIMEx_BreakCallback  stm32f1xx_hal_tim_ex.o
    0x08001f16   0x08001f16   0x00000002   Code   RO         2875    i.HAL_TIMEx_CommutCallback  stm32f1xx_hal_tim_ex.o
    0x08001f18   0x08001f18   0x00000060   Code   RO         2893    i.HAL_TIMEx_MasterConfigSynchronization  stm32f1xx_hal_tim_ex.o
    0x08001f78   0x08001f78   0x0000005a   Code   RO         2170    i.HAL_TIM_Base_Init  stm32f1xx_hal_tim.o
    0x08001fd2   0x08001fd2   0x00000002   PAD
    0x08001fd4   0x08001fd4   0x000000a8   Code   RO          738    i.HAL_TIM_Base_MspInit  tim.o
    0x0800207c   0x0800207c   0x000000d6   Code   RO         2179    i.HAL_TIM_ConfigClockSource  stm32f1xx_hal_tim.o
    0x08002152   0x08002152   0x00000002   Code   RO         2204    i.HAL_TIM_IC_CaptureCallback  stm32f1xx_hal_tim.o
    0x08002154   0x08002154   0x00000166   Code   RO         2218    i.HAL_TIM_IRQHandler  stm32f1xx_hal_tim.o
    0x080022ba   0x080022ba   0x00000002   PAD
    0x080022bc   0x080022bc   0x00000048   Code   RO          739    i.HAL_TIM_MspPostInit  tim.o
    0x08002304   0x08002304   0x00000002   Code   RO         2221    i.HAL_TIM_OC_DelayElapsedCallback  stm32f1xx_hal_tim.o
    0x08002306   0x08002306   0x000000c6   Code   RO         2242    i.HAL_TIM_PWM_ConfigChannel  stm32f1xx_hal_tim.o
    0x080023cc   0x080023cc   0x0000005a   Code   RO         2245    i.HAL_TIM_PWM_Init  stm32f1xx_hal_tim.o
    0x08002426   0x08002426   0x00000002   Code   RO         2247    i.HAL_TIM_PWM_MspInit  stm32f1xx_hal_tim.o
    0x08002428   0x08002428   0x00000002   Code   RO         2248    i.HAL_TIM_PWM_PulseFinishedCallback  stm32f1xx_hal_tim.o
    0x0800242a   0x0800242a   0x00000002   PAD
    0x0800242c   0x0800242c   0x00000094   Code   RO         2250    i.HAL_TIM_PWM_Start  stm32f1xx_hal_tim.o
    0x080024c0   0x080024c0   0x00000002   Code   RO         2256    i.HAL_TIM_PeriodElapsedCallback  stm32f1xx_hal_tim.o
    0x080024c2   0x080024c2   0x00000002   Code   RO         2261    i.HAL_TIM_TriggerCallback  stm32f1xx_hal_tim.o
    0x080024c4   0x080024c4   0x00000002   Code   RO          799    i.HardFault_Handler  stm32f1xx_it.o
    0x080024c6   0x080024c6   0x00000006   Code   RO          285    i.I2C_getRawCount   magneticsensor.o
    0x080024cc   0x080024cc   0x00000074   Code   RO          522    i.Kalman_Filter     main.o
    0x08002540   0x08002540   0x00000016   Code   RO          523    i.Kalman_Init       main.o
    0x08002556   0x08002556   0x00000002   PAD
    0x08002558   0x08002558   0x00000068   Code   RO          525    i.Led_Process       main.o
    0x080025c0   0x080025c0   0x00000048   Code   RO          697    i.MX_CAN_Init       can.o
    0x08002608   0x08002608   0x000000e0   Code   RO          671    i.MX_GPIO_Init      gpio.o
    0x080026e8   0x080026e8   0x00000064   Code   RO          740    i.MX_TIM1_Init      tim.o
    0x0800274c   0x0800274c   0x000000b8   Code   RO          741    i.MX_TIM2_Init      tim.o
    0x08002804   0x08002804   0x00000064   Code   RO          742    i.MX_TIM3_Init      tim.o
    0x08002868   0x08002868   0x00000020   Code   RO          286    i.MagneticSensor_Init  magneticsensor.o
    0x08002888   0x08002888   0x00000002   Code   RO          800    i.MemManage_Handler  stm32f1xx_it.o
    0x0800288a   0x0800288a   0x00000002   PAD
    0x0800288c   0x0800288c   0x00000028   Code   RO          526    i.Motor_OfflineCheckProcess  main.o
    0x080028b4   0x080028b4   0x00000158   Code   RO           13    i.Motor_SetPosition  bldcmotor.o
    0x08002a0c   0x08002a0c   0x0000006c   Code   RO          527    i.Motor_SpeedCalcProcess  main.o
    0x08002a78   0x08002a78   0x00000060   Code   RO           15    i.Motor_init        bldcmotor.o
    0x08002ad8   0x08002ad8   0x00000058   Code   RO           16    i.Motor_initFOC     bldcmotor.o
    0x08002b30   0x08002b30   0x00000002   Code   RO          801    i.NMI_Handler       stm32f1xx_it.o
    0x08002b32   0x08002b32   0x00000002   Code   RO          802    i.PendSV_Handler    stm32f1xx_it.o
    0x08002b34   0x08002b34   0x00000002   Code   RO          803    i.SVC_Handler       stm32f1xx_it.o
    0x08002b36   0x08002b36   0x00000002   PAD
    0x08002b38   0x08002b38   0x00000068   Code   RO          528    i.SimpleFOC_Init    main.o
    0x08002ba0   0x08002ba0   0x0000000e   Code   RO          804    i.SysTick_Handler   stm32f1xx_it.o
    0x08002bae   0x08002bae   0x00000002   PAD
    0x08002bb0   0x08002bb0   0x0000003c   Code   RO          529    i.SysTick_UserExec  main.o
    0x08002bec   0x08002bec   0x0000004c   Code   RO          530    i.SystemClock_Config  main.o
    0x08002c38   0x08002c38   0x00000002   Code   RO         3142    i.SystemInit        system_stm32f1xx.o
    0x08002c3a   0x08002c3a   0x00000002   PAD
    0x08002c3c   0x08002c3c   0x0000000c   Code   RO          805    i.TIM1_BRK_IRQHandler  stm32f1xx_it.o
    0x08002c48   0x08002c48   0x0000000c   Code   RO          806    i.TIM1_CC_IRQHandler  stm32f1xx_it.o
    0x08002c54   0x08002c54   0x0000000c   Code   RO          807    i.TIM1_TRG_COM_IRQHandler  stm32f1xx_it.o
    0x08002c60   0x08002c60   0x00000014   Code   RO          808    i.TIM1_UP_IRQHandler  stm32f1xx_it.o
    0x08002c74   0x08002c74   0x0000000c   Code   RO          809    i.TIM3_IRQHandler   stm32f1xx_it.o
    0x08002c80   0x08002c80   0x0000005c   Code   RO         2263    i.TIM_Base_SetConfig  stm32f1xx_hal_tim.o
    0x08002cdc   0x08002cdc   0x0000001a   Code   RO         2264    i.TIM_CCxChannelCmd  stm32f1xx_hal_tim.o
    0x08002cf6   0x08002cf6   0x00000014   Code   RO         2274    i.TIM_ETR_SetConfig  stm32f1xx_hal_tim.o
    0x08002d0a   0x08002d0a   0x00000010   Code   RO         2275    i.TIM_ITRx_SetConfig  stm32f1xx_hal_tim.o
    0x08002d1a   0x08002d1a   0x00000002   PAD
    0x08002d1c   0x08002d1c   0x00000050   Code   RO         2276    i.TIM_OC1_SetConfig  stm32f1xx_hal_tim.o
    0x08002d6c   0x08002d6c   0x00000058   Code   RO         2277    i.TIM_OC2_SetConfig  stm32f1xx_hal_tim.o
    0x08002dc4   0x08002dc4   0x00000058   Code   RO         2278    i.TIM_OC3_SetConfig  stm32f1xx_hal_tim.o
    0x08002e1c   0x08002e1c   0x00000044   Code   RO         2279    i.TIM_OC4_SetConfig  stm32f1xx_hal_tim.o
    0x08002e60   0x08002e60   0x00000022   Code   RO         2281    i.TIM_TI1_ConfigInputStage  stm32f1xx_hal_tim.o
    0x08002e82   0x08002e82   0x00000024   Code   RO         2283    i.TIM_TI2_ConfigInputStage  stm32f1xx_hal_tim.o
    0x08002ea6   0x08002ea6   0x00000002   PAD
    0x08002ea8   0x08002ea8   0x0000000c   Code   RO          810    i.USB_LP_CAN1_RX0_IRQHandler  stm32f1xx_it.o
    0x08002eb4   0x08002eb4   0x00000002   Code   RO          811    i.UsageFault_Handler  stm32f1xx_it.o
    0x08002eb6   0x08002eb6   0x00000002   PAD
    0x08002eb8   0x08002eb8   0x00000020   Code   RO         3432    i.__0printf         mc_w.l(printfa.o)
    0x08002ed8   0x08002ed8   0x00000028   Code   RO         3566    i.__ARM_fpclassify  m_ws.l(fpclassify.o)
    0x08002f00   0x08002f00   0x00000020   Code   RO         1691    i.__NVIC_SetPriority  stm32f1xx_hal_cortex.o
    0x08002f20   0x08002f20   0x000000aa   Code   RO         3568    i.__kernel_poly     m_ws.l(poly.o)
    0x08002fca   0x08002fca   0x00000006   Code   RO         3509    i.__mathlib_dbl_infnan  m_ws.l(dunder.o)
    0x08002fd0   0x08002fd0   0x00000004   Code   RO         3510    i.__mathlib_dbl_infnan2  m_ws.l(dunder.o)
    0x08002fd4   0x08002fd4   0x0000000c   Code   RO         3511    i.__mathlib_dbl_invalid  m_ws.l(dunder.o)
    0x08002fe0   0x08002fe0   0x00000010   Code   RO         3514    i.__mathlib_dbl_underflow  m_ws.l(dunder.o)
    0x08002ff0   0x08002ff0   0x0000000e   Code   RO         3576    i.__scatterload_copy  mc_w.l(handlers.o)
    0x08002ffe   0x08002ffe   0x00000002   Code   RO         3577    i.__scatterload_null  mc_w.l(handlers.o)
    0x08003000   0x08003000   0x0000000e   Code   RO         3578    i.__scatterload_zeroinit  mc_w.l(handlers.o)
    0x0800300e   0x0800300e   0x00000002   PAD
    0x08003010   0x08003010   0x0000000c   Code   RO         3550    i.__set_errno       mc_w.l(errno.o)
    0x0800301c   0x0800301c   0x00000014   Code   RO          203    i._electricalAngle  foc_utils.o
    0x08003030   0x08003030   0x00000184   Code   RO         3439    i._fp_digits        mc_w.l(printfa.o)
    0x080031b4   0x080031b4   0x00000040   Code   RO          204    i._normalizeAngle   foc_utils.o
    0x080031f4   0x080031f4   0x000006b4   Code   RO         3440    i._printf_core      mc_w.l(printfa.o)
    0x080038a8   0x080038a8   0x00000024   Code   RO         3441    i._printf_post_padding  mc_w.l(printfa.o)
    0x080038cc   0x080038cc   0x0000002e   Code   RO         3442    i._printf_pre_padding  mc_w.l(printfa.o)
    0x080038fa   0x080038fa   0x00000002   PAD
    0x080038fc   0x080038fc   0x00000128   Code   RO          205    i._sin              foc_utils.o
    0x08003a24   0x08003a24   0x00000010   Code   RO          206    i._sqrtApprox       foc_utils.o
    0x08003a34   0x08003a34   0x00000314   Code   RO           17    i.alignSensor       bldcmotor.o
    0x08003d48   0x08003d48   0x00000220   Code   RO         3499    i.atan              m_ws.l(atan.o)
    0x08003f68   0x08003f68   0x0000019c   Code   RO         3177    i.atan2             m_ws.l(atan2.o)
    0x08004104   0x08004104   0x00000034   Code   RO          244    i.electricalAngle   focmotor.o
    0x08004138   0x08004138   0x00000094   Code   RO         3185    i.fmod              m_ws.l(fmod.o)
    0x080041cc   0x080041cc   0x00000002   Code   RO          533    i.fputc             main.o
    0x080041ce   0x080041ce   0x00000002   PAD
    0x080041d0   0x080041d0   0x000000b0   Code   RO          287    i.getAngle          magneticsensor.o
    0x08004280   0x08004280   0x00000044   Code   RO          288    i.iic_ack           magneticsensor.o
    0x080042c4   0x080042c4   0x0000000a   Code   RO          289    i.iic_delay         magneticsensor.o
    0x080042ce   0x080042ce   0x00000002   PAD
    0x080042d0   0x080042d0   0x00000038   Code   RO          290    i.iic_nack          magneticsensor.o
    0x08004308   0x08004308   0x00000058   Code   RO          291    i.iic_read_byte     magneticsensor.o
    0x08004360   0x08004360   0x00000054   Code   RO          292    i.iic_send_byte     magneticsensor.o
    0x080043b4   0x080043b4   0x00000040   Code   RO          293    i.iic_start         magneticsensor.o
    0x080043f4   0x080043f4   0x00000038   Code   RO          294    i.iic_stop          magneticsensor.o
    0x0800442c   0x0800442c   0x00000058   Code   RO          295    i.iic_wait_ack      magneticsensor.o
    0x08004484   0x08004484   0x000000a8   Code   RO           18    i.loopFOC           bldcmotor.o
    0x0800452c   0x0800452c   0x0000005c   Code   RO          534    i.main              main.o
    0x08004588   0x08004588   0x0000028c   Code   RO           19    i.setPhaseVoltage   bldcmotor.o
    0x08004814   0x08004814   0x0000002c   Code   RO          245    i.shaftAngle        focmotor.o
    0x08004840   0x08004840   0x00000320   Data   RO          207    .constdata          foc_utils.o
    0x08004b60   0x08004b60   0x00000010   Data   RO         3143    .constdata          system_stm32f1xx.o
    0x08004b70   0x08004b70   0x00000098   Data   RO         3500    .constdata          m_ws.l(atan.o)
    0x08004c08   0x08004c08   0x00000008   Data   RO         3522    .constdata          m_ws.l(qnan.o)
    0x08004c10   0x08004c10   0x00000020   Data   RO         3574    Region$$Table       anon$$obj.o


    Execution Region RW_IRAM1 (Exec base: 0x20000000, Load base: 0x08004c30, Size: 0x000005f8, Max: 0x00005000, ABSOLUTE)

    Exec Addr    Load Addr    Size         Type   Attr      Idx    E Section Name        Object

    0x20000000   0x08004c30   0x0000002c   Data   RW           21    .data               bldcmotor.o
    0x2000002c   0x08004c5c   0x0000000c   Data   RW          246    .data               focmotor.o
    0x20000038   0x08004c68   0x00000004   Data   RW          247    .data               focmotor.o
    0x2000003c   0x08004c6c   0x00000008   Data   RW          252    .data               focmotor.o
    0x20000044   0x08004c74   0x00000001   Data   RW          254    .data               focmotor.o
    0x20000045   0x08004c75   0x00000001   Data   RW          255    .data               focmotor.o
    0x20000046   0x08004c76   0x00000002   PAD
    0x20000048   0x08004c78   0x00000014   Data   RW          296    .data               magneticsensor.o
    0x2000005c   0x08004c8c   0x00000004   Data   RW          297    .data               magneticsensor.o
    0x20000060   0x08004c90   0x00000020   Data   RW          536    .data               main.o
    0x20000080   0x08004cb0   0x0000000c   Data   RW         1228    .data               stm32f1xx_hal.o
    0x2000008c   0x08004cbc   0x00000004   Data   RW         3145    .data               system_stm32f1xx.o
    0x20000090   0x08004cc0   0x00000004   Data   RW         3539    .data               mc_w.l(stdout.o)
    0x20000094   0x08004cc4   0x00000004   Data   RW         3551    .data               mc_w.l(errno.o)
    0x20000098        -       0x00000040   Zero   RW          535    .bss                main.o
    0x200000d8        -       0x00000028   Zero   RW          698    .bss                can.o
    0x20000100        -       0x000000d8   Zero   RW          743    .bss                tim.o
    0x200001d8        -       0x00000020   Zero   RW         1932    .bss                stm32f1xx_hal_flash.o
    0x200001f8        -       0x00000400   Zero   RW            1    STACK               startup_stm32f103x6.o


==============================================================================

Image component sizes


      Code (inc. data)   RO Data    RW Data    ZI Data      Debug   Object Name

      2136        536          0         44          0     390200   bldcmotor.o
       196         22          0          0         40       1783   can.o
       152         16          0          0          0       2694   flashstorage.o
       396         56        800          0          0       3127   foc_utils.o
        96         20          0         26          0       2332   focmotor.o
       224         18          0          0          0       1027   gpio.o
       796         64          0         24          0     428244   magneticsensor.o
      1138        162          0         32         64      11069   main.o
        36          8        236          0       1024        844   startup_stm32f103x6.o
       164         28          0         12          0       5893   stm32f1xx_hal.o
      1628          0          0          0          0      14503   stm32f1xx_hal_can.o
       198         14          0          0          0      29199   stm32f1xx_hal_cortex.o
       392         46          0          0         32       5066   stm32f1xx_hal_flash.o
       240         26          0          0          0       3317   stm32f1xx_hal_flash_ex.o
       468         30          0          0          0       3679   stm32f1xx_hal_gpio.o
        60          8          0          0          0        930   stm32f1xx_hal_msp.o
      1208         76          0          0          0       4238   stm32f1xx_hal_rcc.o
      1658         38          0          0          0      16694   stm32f1xx_hal_tim.o
       100         10          0          0          0       2545   stm32f1xx_hal_tim_ex.o
       110         34          0          0          0       7115   stm32f1xx_it.o
         2          0         16          4          0       1219   system_stm32f1xx.o
       624         44          0          0        216       3958   tim.o

    ----------------------------------------------------------------------
     12062       1256       1084        144       1376     939676   Object Totals
         0          0         32          0          0          0   (incl. Generated)
        40          0          0          2          0          0   (incl. Padding)

    ----------------------------------------------------------------------

      Code (inc. data)   RO Data    RW Data    ZI Data      Debug   Library Member Name

       544         70        152          0          0        124   atan.o
       412         38          0          0          0        144   atan2.o
        38          6          0          0          0        272   dunder.o
       148          4          0          0          0         88   fmod.o
        40          0          0          0          0         68   fpclassify.o
       170          0          0          0          0         96   poly.o
         0          0          8          0          0          0   qnan.o
         0          0          0          0          0          0   entry.o
         0          0          0          0          0          0   entry10a.o
         0          0          0          0          0          0   entry11a.o
         4          0          0          0          0          0   entry12b.o
         8          4          0          0          0          0   entry2.o
         4          0          0          0          0          0   entry5.o
         0          0          0          0          0          0   entry7b.o
         0          0          0          0          0          0   entry8b.o
         8          4          0          0          0          0   entry9a.o
        12          6          0          4          0         68   errno.o
        30          0          0          0          0          0   handlers.o
        36          8          0          0          0         68   init.o
         0          0          0          0          0          0   iusefp.o
        30          0          0          0          0         68   llshl.o
        36          0          0          0          0         68   llsshr.o
        32          0          0          0          0         68   llushr.o
        36          0          0          0          0        108   memseta.o
      2218         90          0          0          0        464   printfa.o
         0          0          0          4          0          0   stdout.o
        44          0          0          0          0         80   uidiv.o
        98          0          0          0          0         92   uldiv.o
        48          0          0          0          0         68   cdcmple.o
        48          0          0          0          0         68   cdrcmple.o
        20          0          0          0          0         68   cfcmple.o
        20          0          0          0          0         68   cfrcmple.o
        56          0          0          0          0         88   d2f.o
       334          0          0          0          0        148   dadd.o
       222          0          0          0          0        100   ddiv.o
       186          0          0          0          0        176   depilogue.o
        62          0          0          0          0         80   dfixi.o
        50          0          0          0          0         76   dfixui.o
        48          0          0          0          0         68   dfixul.o
        34          0          0          0          0         76   dflti.o
        26          0          0          0          0         76   dfltui.o
       228          0          0          0          0         96   dmul.o
       134          0          0          0          0         96   drem.o
        46          0          0          0          0         80   dscalb.o
        38          0          0          0          0         68   f2d.o
       176          0          0          0          0        140   fadd.o
       124          0          0          0          0         88   fdiv.o
       110          0          0          0          0        168   fepilogue.o
        50          0          0          0          0         68   ffixi.o
        40          0          0          0          0         68   ffixui.o
        18          0          0          0          0         68   fflti.o
       100          0          0          0          0         76   fmul.o
        24          0          0          0          0         68   fscalb.o

    ----------------------------------------------------------------------
      6198        230        160          8          0       4120   Library Totals
         8          0          0          0          0          0   (incl. Padding)

    ----------------------------------------------------------------------

      Code (inc. data)   RO Data    RW Data    ZI Data      Debug   Library Name

      1352        118        160          0          0        792   m_ws.l
      2596        112          0          8          0       1084   mc_w.l
      2242          0          0          0          0       2244   mf_w.l

    ----------------------------------------------------------------------
      6198        230        160          8          0       4120   Library Totals

    ----------------------------------------------------------------------

==============================================================================


      Code (inc. data)   RO Data    RW Data    ZI Data      Debug   

     18260       1486       1244        152       1376     934692   Grand Totals
     18260       1486       1244        152       1376     934692   ELF Image Totals
     18260       1486       1244        152          0          0   ROM Totals

==============================================================================

    Total RO  Size (Code + RO Data)                19504 (  19.05kB)
    Total RW  Size (RW Data + ZI Data)              1528 (   1.49kB)
    Total ROM Size (Code + RO Data + RW Data)      19656 (  19.20kB)

==============================================================================

